Archive member included because of file (symbol)

/usr/lib/i386-linux-gnu/libc_nonshared.a(elf-init.oS)
                              /usr/lib/gcc/i686-linux-gnu/4.6/../../../i386-linux-gnu/crt1.o (__libc_csu_init)

Allocating common symbols
Common symbol       size              file

QF_maxActive_       0x1               dbg/qfn.o
QF_readySet_        0x1               dbg/qfn.o
AO_Blinky           0x20              dbg/blinky.o
QF_timerSetX_       0x1               dbg/qfn.o

Discarded input sections

 .rodata        0x0000000000000000        0x4 /usr/lib/gcc/i686-linux-gnu/4.6/../../../i386-linux-gnu/crt1.o
 .data          0x0000000000000000        0x4 /usr/lib/gcc/i686-linux-gnu/4.6/../../../i386-linux-gnu/crt1.o
 .bss           0x0000000000000000        0x0 /usr/lib/gcc/i686-linux-gnu/4.6/../../../i386-linux-gnu/crt1.o
 .note.GNU-stack
                0x0000000000000000        0x0 /usr/lib/gcc/i686-linux-gnu/4.6/../../../i386-linux-gnu/crt1.o
 .gnu_debuglink
                0x0000000000000000        0xc /usr/lib/gcc/i686-linux-gnu/4.6/../../../i386-linux-gnu/crt1.o
 .text          0x0000000000000000        0x0 /usr/lib/gcc/i686-linux-gnu/4.6/../../../i386-linux-gnu/crti.o
 .data          0x0000000000000000        0x0 /usr/lib/gcc/i686-linux-gnu/4.6/../../../i386-linux-gnu/crti.o
 .bss           0x0000000000000000        0x0 /usr/lib/gcc/i686-linux-gnu/4.6/../../../i386-linux-gnu/crti.o
 .note.GNU-stack
                0x0000000000000000        0x0 /usr/lib/gcc/i686-linux-gnu/4.6/../../../i386-linux-gnu/crti.o
 .gnu_debuglink
                0x0000000000000000        0xc /usr/lib/gcc/i686-linux-gnu/4.6/../../../i386-linux-gnu/crti.o
 .data          0x0000000000000000        0x4 /usr/lib/gcc/i686-linux-gnu/4.6/crtbegin.o
 .note.GNU-stack
                0x0000000000000000        0x0 /usr/lib/gcc/i686-linux-gnu/4.6/crtbegin.o
 .text          0x0000000000000000        0x0 dbg/blinky.o
 .data          0x0000000000000000        0x0 dbg/blinky.o
 .bss           0x0000000000000000        0x0 dbg/blinky.o
 .note.GNU-stack
                0x0000000000000000        0x0 dbg/blinky.o
 .text          0x0000000000000000        0x0 dbg/bsp.o
 .data          0x0000000000000000        0x0 dbg/bsp.o
 .bss           0x0000000000000000        0x0 dbg/bsp.o
 .text.BSP_ledOff
                0x0000000000000000        0x2 dbg/bsp.o
 .text.BSP_ledOn
                0x0000000000000000        0x2 dbg/bsp.o
 .text.QF_onCleanup
                0x0000000000000000        0x2 dbg/bsp.o
 .text.QF_stop  0x0000000000000000        0x2 dbg/bsp.o
 .note.GNU-stack
                0x0000000000000000        0x0 dbg/bsp.o
 .text          0x0000000000000000        0x0 dbg/main.o
 .data          0x0000000000000000        0x0 dbg/main.o
 .bss           0x0000000000000000        0x0 dbg/main.o
 .note.GNU-stack
                0x0000000000000000        0x0 dbg/main.o
 .text          0x0000000000000000        0x0 dbg/qepn.o
 .data          0x0000000000000000        0x0 dbg/qepn.o
 .bss           0x0000000000000000        0x0 dbg/qepn.o
 .text.QHsm_childState_
                0x0000000000000000       0x57 dbg/qepn.o
 .rodata.QP_versionStr
                0x0000000000000000        0x6 dbg/qepn.o
 .note.GNU-stack
                0x0000000000000000        0x0 dbg/qepn.o
 .text          0x0000000000000000        0x0 dbg/qfn.o
 .data          0x0000000000000000        0x0 dbg/qfn.o
 .bss           0x0000000000000000        0x0 dbg/qfn.o
 .text.QF_tickXISR
                0x0000000000000000       0x9e dbg/qfn.o
 .text.QActive_armX
                0x0000000000000000       0x3c dbg/qfn.o
 .text.QActive_disarmX
                0x0000000000000000       0x3c dbg/qfn.o
 .note.GNU-stack
                0x0000000000000000        0x0 dbg/qfn.o
 .text          0x0000000000000000        0x0 dbg/qvn.o
 .data          0x0000000000000000        0x0 dbg/qvn.o
 .bss           0x0000000000000000        0x0 dbg/qvn.o
 .note.GNU-stack
                0x0000000000000000        0x0 dbg/qvn.o
 .group         0x0000000000000000        0x8 /usr/lib/i386-linux-gnu/libc_nonshared.a(elf-init.oS)
 .data          0x0000000000000000        0x0 /usr/lib/i386-linux-gnu/libc_nonshared.a(elf-init.oS)
 .bss           0x0000000000000000        0x0 /usr/lib/i386-linux-gnu/libc_nonshared.a(elf-init.oS)
 .note.GNU-stack
                0x0000000000000000        0x0 /usr/lib/i386-linux-gnu/libc_nonshared.a(elf-init.oS)
 .data          0x0000000000000000        0x0 /usr/lib/gcc/i686-linux-gnu/4.6/crtend.o
 .bss           0x0000000000000000        0x0 /usr/lib/gcc/i686-linux-gnu/4.6/crtend.o
 .note.GNU-stack
                0x0000000000000000        0x0 /usr/lib/gcc/i686-linux-gnu/4.6/crtend.o
 .text          0x0000000000000000        0x0 /usr/lib/gcc/i686-linux-gnu/4.6/../../../i386-linux-gnu/crtn.o
 .data          0x0000000000000000        0x0 /usr/lib/gcc/i686-linux-gnu/4.6/../../../i386-linux-gnu/crtn.o
[...]
Memory Configuration

Name             Origin             Length             Attributes
*default*        0x0000000000000000 0xffffffffffffffff

Linker script and memory map

LOAD /usr/lib/gcc/i686-linux-gnu/4.6/../../../i386-linux-gnu/crt1.o
LOAD /usr/lib/gcc/i686-linux-gnu/4.6/../../../i386-linux-gnu/crti.o
LOAD /usr/lib/gcc/i686-linux-gnu/4.6/crtbegin.o
LOAD dbg/blinky.o
LOAD dbg/bsp.o
LOAD dbg/main.o
LOAD dbg/qepn.o
LOAD dbg/qfn.o
LOAD dbg/qvn.o
LOAD /usr/lib/gcc/i686-linux-gnu/4.6/libgcc.a
LOAD /usr/lib/gcc/i686-linux-gnu/4.6/libgcc_s.so
LOAD /usr/lib/gcc/i686-linux-gnu/4.6/../../../i386-linux-gnu/libc.so
START GROUP
LOAD /lib/i386-linux-gnu/libc.so.6
LOAD /usr/lib/i386-linux-gnu/libc_nonshared.a
LOAD /lib/i386-linux-gnu/ld-linux.so.2
END GROUP
LOAD /usr/lib/gcc/i686-linux-gnu/4.6/libgcc.a
LOAD /usr/lib/gcc/i686-linux-gnu/4.6/libgcc_s.so
LOAD /usr/lib/gcc/i686-linux-gnu/4.6/crtend.o
LOAD /usr/lib/gcc/i686-linux-gnu/4.6/../../../i386-linux-gnu/crtn.o
                0x0000000008048000                PROVIDE (__executable_start, 0x8048000)
                0x0000000008048154                . = (0x8048000 + SIZEOF_HEADERS)

.interp         0x0000000008048154       0x13
 *(.interp)
 .interp        0x0000000008048154       0x13 /usr/lib/gcc/i686-linux-gnu/4.6/../../../i386-linux-gnu/crt1.o

.note.ABI-tag   0x0000000008048168       0x20
 .note.ABI-tag  0x0000000008048168       0x20 /usr/lib/gcc/i686-linux-gnu/4.6/../../../i386-linux-gnu/crt1.o

.note.gnu.build-id
                0x0000000008048188       0x24
 *(.note.gnu.build-id)
 .note.gnu.build-id
                0x0000000008048188       0x24 /usr/lib/gcc/i686-linux-gnu/4.6/../../../i386-linux-gnu/crt1.o

.hash
 *(.hash)

.gnu.hash       0x00000000080481ac       0x20
 *(.gnu.hash)
 .gnu.hash      0x00000000080481ac       0x20 /usr/lib/gcc/i686-linux-gnu/4.6/../../../i386-linux-gnu/crt1.o

.dynsym         0x00000000080481cc       0x40
 *(.dynsym)
 .dynsym        0x00000000080481cc       0x40 /usr/lib/gcc/i686-linux-gnu/4.6/../../../i386-linux-gnu/crt1.o

.dynstr         0x000000000804820c       0x60
 *(.dynstr)
 .dynstr        0x000000000804820c       0x60 /usr/lib/gcc/i686-linux-gnu/4.6/../../../i386-linux-gnu/crt1.o

.gnu.version    0x000000000804826c        0x8
 *(.gnu.version)
 .gnu.version   0x000000000804826c        0x8 /usr/lib/gcc/i686-linux-gnu/4.6/../../../i386-linux-gnu/crt1.o

.gnu.version_d  0x0000000008048274        0x0
 *(.gnu.version_d)
 .gnu.version_d
                0x0000000000000000        0x0 /usr/lib/gcc/i686-linux-gnu/4.6/../../../i386-linux-gnu/crt1.o

.gnu.version_r  0x0000000008048274       0x20
 *(.gnu.version_r)
 .gnu.version_r
                0x0000000008048274       0x20 /usr/lib/gcc/i686-linux-gnu/4.6/../../../i386-linux-gnu/crt1.o

.rel.dyn        0x0000000008048294        0x8
 *(.rel.init)
 *(.rel.text .rel.text.* .rel.gnu.linkonce.t.*)
 .rel.text      0x0000000000000000        0x0 /usr/lib/gcc/i686-linux-gnu/4.6/../../../i386-linux-gnu/crt1.o
 .rel.text.Blinky_ctrl
                0x0000000000000000        0x0 /usr/lib/gcc/i686-linux-gnu/4.6/../../../i386-linux-gnu/crt1.o
 .rel.text.Blinky_ctor
                0x0000000000000000        0x0 /usr/lib/gcc/i686-linux-gnu/4.6/../../../i386-linux-gnu/crt1.o
 .rel.text.QF_onStartup
                0x0000000000000000        0x0 /usr/lib/gcc/i686-linux-gnu/4.6/../../../i386-linux-gnu/crt1.o
 .rel.text.main
                0x0000000000000000        0x0 /usr/lib/gcc/i686-linux-gnu/4.6/../../../i386-linux-gnu/crt1.o
 .rel.text.QActive_postXISR_
                0x0000000000000000        0x0 /usr/lib/gcc/i686-linux-gnu/4.6/../../../i386-linux-gnu/crt1.o
 .rel.text.QActive_postX_
                0x0000000000000000        0x0 /usr/lib/gcc/i686-linux-gnu/4.6/../../../i386-linux-gnu/crt1.o
 .rel.text.QF_init
                0x0000000000000000        0x0 /usr/lib/gcc/i686-linux-gnu/4.6/../../../i386-linux-gnu/crt1.o
 .rel.text.QF_tickXISR
                0x0000000000000000        0x0 /usr/lib/gcc/i686-linux-gnu/4.6/../../../i386-linux-gnu/crt1.o
 .rel.text.QActive_armX
                0x0000000000000000        0x0 /usr/lib/gcc/i686-linux-gnu/4.6/../../../i386-linux-gnu/crt1.o
 .rel.text.QActive_disarmX
                0x0000000000000000        0x0 /usr/lib/gcc/i686-linux-gnu/4.6/../../../i386-linux-gnu/crt1.o
 .rel.text.QF_run
                0x0000000000000000        0x0 /usr/lib/gcc/i686-linux-gnu/4.6/../../../i386-linux-gnu/crt1.o
 *(.rel.fini)
 *(.rel.rodata .rel.rodata.* .rel.gnu.linkonce.r.*)
 .rel.rodata.QF_active
                0x0000000000000000        0x0 /usr/lib/gcc/i686-linux-gnu/4.6/../../../i386-linux-gnu/crt1.o
 *(.rel.data.rel.ro* .rel.gnu.linkonce.d.rel.ro.*)
 *(.rel.data .rel.data.* .rel.gnu.linkonce.d.*)
 *(.rel.tdata .rel.tdata.* .rel.gnu.linkonce.td.*)
 *(.rel.tbss .rel.tbss.* .rel.gnu.linkonce.tb.*)
 *(.rel.ctors)
 *(.rel.dtors)
 *(.rel.got)
 .rel.got       0x0000000008048294        0x8 /usr/lib/gcc/i686-linux-gnu/4.6/../../../i386-linux-gnu/crt1.o
 *(.rel.bss .rel.bss.* .rel.gnu.linkonce.b.*)
 .rel.bss       0x0000000000000000        0x0 /usr/lib/gcc/i686-linux-gnu/4.6/../../../i386-linux-gnu/crt1.o
 *(.rel.ifunc)

.rel.plt        0x000000000804829c       0x10
 *(.rel.plt)
 .rel.plt       0x000000000804829c       0x10 /usr/lib/gcc/i686-linux-gnu/4.6/../../../i386-linux-gnu/crt1.o
                0x00000000080482ac                PROVIDE (__rel_iplt_start, .)
 *(.rel.iplt)
 .rel.iplt      0x0000000000000000        0x0 /usr/lib/gcc/i686-linux-gnu/4.6/../../../i386-linux-gnu/crt1.o
                0x00000000080482ac                PROVIDE (__rel_iplt_end, .)

.init           0x00000000080482ac       0x2e
 *(.init)
 .init          0x00000000080482ac       0x1f /usr/lib/gcc/i686-linux-gnu/4.6/../../../i386-linux-gnu/crti.o
                0x00000000080482ac                _init
 .init          0x00000000080482cb        0x5 /usr/lib/gcc/i686-linux-gnu/4.6/crtbegin.o
 .init          0x00000000080482d0        0x5 /usr/lib/gcc/i686-linux-gnu/4.6/crtend.o
 .init          0x00000000080482d5        0x5 /usr/lib/gcc/i686-linux-gnu/4.6/../../../i386-linux-gnu/crtn.o

.plt            0x00000000080482e0       0x30
 *(.plt)
 .plt           0x00000000080482e0       0x30 /usr/lib/gcc/i686-linux-gnu/4.6/../../../i386-linux-gnu/crt1.o
                0x0000000008048300                __libc_start_main@@GLIBC_2.0
 *(.iplt)
 .iplt          0x0000000000000000        0x0 /usr/lib/gcc/i686-linux-gnu/4.6/../../../i386-linux-gnu/crt1.o

.text           0x0000000008048310      0xa5a
 *(.text.unlikely .text.*_unlikely)
 *(.text.exit .text.exit.*)
 *(.text.startup .text.startup.*)
 *(.text.hot .text.hot.*)
 *(.text .stub .text.* .gnu.linkonce.t.*)
 .text          0x0000000008048310       0x24 /usr/lib/gcc/i686-linux-gnu/4.6/../../../i386-linux-gnu/crt1.o
                0x0000000008048310                _start
 *fill*         0x0000000008048334        0xc 90909090
 .text          0x0000000008048340       0x83 /usr/lib/gcc/i686-linux-gnu/4.6/crtbegin.o
 .text.Blinky_initial
                0x00000000080483c3       0x11 dbg/blinky.o
 *fill*         0x00000000080483d4        0xc 90909090
 .text.Blinky_ctrl
                0x00000000080483e0       0x69 dbg/blinky.o
 .text.Blinky_ctor
                0x0000000008048449       0x1b dbg/blinky.o
                0x0000000008048449                Blinky_ctor
 .text.BSP_init
                0x0000000008048464        0x2 dbg/bsp.o
                0x0000000008048464                BSP_init
 .text.Q_onAssert
                0x0000000008048466        0x2 dbg/bsp.o
                0x0000000008048466                Q_onAssert
 .text.QF_onStartup
                0x0000000008048468        0xc dbg/bsp.o
                0x0000000008048468                QF_onStartup
 .text.QV_onIdle
                0x0000000008048474        0x2 dbg/bsp.o
                0x0000000008048474                QV_onIdle
 .text.main     0x0000000008048476       0x2b dbg/main.o
                0x0000000008048476                main
 .text.QHsm_top
                0x00000000080484a1        0x6 dbg/qepn.o
                0x00000000080484a1                QHsm_top
 *fill*         0x00000000080484a7        0x9 90909090
 .text.QHsm_dispatch_
                0x00000000080484b0      0x29e dbg/qepn.o
                0x00000000080484b0                QHsm_dispatch_
 .text.QHsm_init_
                0x000000000804874e       0xe8 dbg/qepn.o
                0x000000000804874e                QHsm_init_
 .text.QHsm_ctor
                0x0000000008048836       0x19 dbg/qepn.o
                0x0000000008048836                QHsm_ctor
 .text.QActive_postXISR_
                0x000000000804884f      0x108 dbg/qfn.o
                0x000000000804884f                QActive_postXISR_
 .text.QActive_postX_
                0x0000000008048957      0x108 dbg/qfn.o
                0x0000000008048957                QActive_postX_
 .text.QActive_ctor
                0x0000000008048a5f       0x23 dbg/qfn.o
                0x0000000008048a5f                QActive_ctor
 .text.QF_init  0x0000000008048a82       0x99 dbg/qfn.o
                0x0000000008048a82                QF_init
 .text.QF_run   0x0000000008048b1b      0x198 dbg/qvn.o
                0x0000000008048b1b                QF_run
 *fill*         0x0000000008048cb3        0xd 90909090
 .text          0x0000000008048cc0       0x72 /usr/lib/i386-linux-gnu/libc_nonshared.a(elf-init.oS)
                0x0000000008048cc0                __libc_csu_init
                0x0000000008048d30                __libc_csu_fini
 .text.__i686.get_pc_thunk.bx
                0x0000000008048d32        0x4 /usr/lib/i386-linux-gnu/libc_nonshared.a(elf-init.oS)
                0x0000000008048d32                __i686.get_pc_thunk.bx
 *fill*         0x0000000008048d36        0xa 90909090
 .text          0x0000000008048d40       0x2a /usr/lib/gcc/i686-linux-gnu/4.6/crtend.o
 *(.gnu.warning)

.fini           0x0000000008048d6c       0x1a
 *(.fini)
 .fini          0x0000000008048d6c       0x10 /usr/lib/gcc/i686-linux-gnu/4.6/../../../i386-linux-gnu/crti.o
                0x0000000008048d6c                _fini
 .fini          0x0000000008048d7c        0x5 /usr/lib/gcc/i686-linux-gnu/4.6/crtbegin.o
 .fini          0x0000000008048d81        0x5 /usr/lib/gcc/i686-linux-gnu/4.6/../../../i386-linux-gnu/crtn.o
                0x0000000008048d86                PROVIDE (__etext, .)
                0x0000000008048d86                PROVIDE (_etext, .)
                0x0000000008048d86                PROVIDE (etext, .)

.rodata         0x0000000008048d88       0x54
 *(.rodata .rodata.* .gnu.linkonce.r.*)
 .rodata.cst4   0x0000000008048d88        0x4 /usr/lib/gcc/i686-linux-gnu/4.6/../../../i386-linux-gnu/crt1.o
                0x0000000008048d88                _IO_stdin_used
 .rodata.QF_active
                0x0000000008048d8c       0x18 dbg/main.o
                0x0000000008048d8c                QF_active
 .rodata.vtbl.1377
                0x0000000008048da4        0x8 dbg/qepn.o
 .rodata.Q_this_module_
                0x0000000008048dac        0x5 dbg/qepn.o
 .rodata.QF_log2Lkup
                0x0000000008048db1       0x10 dbg/qfn.o
                0x0000000008048db1                QF_log2Lkup
 *fill*         0x0000000008048dc1        0x3 00
 .rodata.vtbl.1377
                0x0000000008048dc4       0x10 dbg/qfn.o
 .rodata.Q_this_module_
                0x0000000008048dd4        0x4 dbg/qfn.o
 .rodata.Q_this_module_
                0x0000000008048dd8        0x4 dbg/qvn.o

.rodata1
 *(.rodata1)

.eh_frame_hdr   0x0000000008048ddc       0xb4
 *(.eh_frame_hdr)
 .eh_frame_hdr  0x0000000008048ddc       0xb4 /usr/lib/gcc/i686-linux-gnu/4.6/../../../i386-linux-gnu/crt1.o

.eh_frame       0x0000000008048e90      0x2bc
 *(.eh_frame)
 .eh_frame      0x0000000008048e90       0x3c /usr/lib/gcc/i686-linux-gnu/4.6/../../../i386-linux-gnu/crt1.o
                                         0x40 (size before relaxing)
 .eh_frame      0x0000000008048ecc       0x44 dbg/blinky.o
                                         0x5c (size before relaxing)
 .eh_frame      0x0000000008048f10       0x54 dbg/bsp.o
                                         0xbc (size before relaxing)
 .eh_frame      0x0000000008048f64       0x20 dbg/main.o
                                         0x38 (size before relaxing)
 .eh_frame      0x0000000008048f84       0x9c dbg/qepn.o
                                         0xec (size before relaxing)
 .eh_frame      0x0000000008049020       0x9c dbg/qfn.o
                                        0x128 (size before relaxing)
 .eh_frame      0x00000000080490bc       0x28 dbg/qvn.o
                                         0x40 (size before relaxing)
 .eh_frame      0x00000000080490e4       0x64 /usr/lib/i386-linux-gnu/libc_nonshared.a(elf-init.oS)
                                         0x7c (size before relaxing)
 .eh_frame      0x0000000008049148        0x4 /usr/lib/gcc/i686-linux-gnu/4.6/crtend.o

.gcc_except_table
 *(.gcc_except_table .gcc_except_table.*)

.exception_ranges
 *(.exception_ranges .exception_ranges*)
                0x000000000804914c                . = (ALIGN (0x1000) - ((0x1000 - .) & 0xfff))
                0x000000000804af0c                . = DATA_SEGMENT_ALIGN (0x1000, 0x1000)

.eh_frame
 *(.eh_frame)

.gcc_except_table
 *(.gcc_except_table .gcc_except_table.*)

.exception_ranges
 *(.exception_ranges .exception_ranges*)

.tdata
 *(.tdata .tdata.* .gnu.linkonce.td.*)

.tbss
 *(.tbss .tbss.* .gnu.linkonce.tb.*)
 *(.tcommon)

.preinit_array  0x000000000804af0c        0x0
                0x000000000804af0c                PROVIDE (__preinit_array_start, .)
 *(.preinit_array)
                0x000000000804af0c                PROVIDE (__preinit_array_end, .)

.init_array     0x000000000804af0c        0x0
                0x000000000804af0c                PROVIDE (__init_array_start, .)
 *(SORT(.init_array.*) SORT(.ctors.*))
 *(.init_array)
 *(EXCLUDE_FILE(*crtend?.o *crtend.o *crtbegin?.o *crtbegin.o) .ctors)
                0x000000000804af0c                PROVIDE (__init_array_end, .)

.fini_array     0x000000000804af0c        0x0
                0x000000000804af0c                PROVIDE (__fini_array_start, .)
 *(SORT(.fini_array.*) SORT(.dtors.*))
 *(.fini_array)
 *(EXCLUDE_FILE(*crtend?.o *crtend.o *crtbegin?.o *crtbegin.o) .dtors)
                0x000000000804af0c                PROVIDE (__fini_array_end, .)

.ctors          0x000000000804af0c        0x8
 *crtbegin.o(.ctors)
 .ctors         0x000000000804af0c        0x4 /usr/lib/gcc/i686-linux-gnu/4.6/crtbegin.o
 *crtbegin?.o(.ctors)
 *(EXCLUDE_FILE(*crtend?.o *crtend.o) .ctors)
 *(SORT(.ctors.*))
 *(.ctors)
 .ctors         0x000000000804af10        0x4 /usr/lib/gcc/i686-linux-gnu/4.6/crtend.o

.dtors          0x000000000804af14        0x8
 *crtbegin.o(.dtors)
 .dtors         0x000000000804af14        0x4 /usr/lib/gcc/i686-linux-gnu/4.6/crtbegin.o
 *crtbegin?.o(.dtors)
 *(EXCLUDE_FILE(*crtend?.o *crtend.o) .dtors)
 *(SORT(.dtors.*))
 *(.dtors)
 .dtors         0x000000000804af18        0x4 /usr/lib/gcc/i686-linux-gnu/4.6/crtend.o
                0x000000000804af18                __DTOR_END__

.jcr            0x000000000804af1c        0x4
 *(.jcr)
 .jcr           0x000000000804af1c        0x0 /usr/lib/gcc/i686-linux-gnu/4.6/crtbegin.o
 .jcr           0x000000000804af1c        0x4 /usr/lib/gcc/i686-linux-gnu/4.6/crtend.o

.data.rel.ro
 *(.data.rel.ro.local* .gnu.linkonce.d.rel.ro.local.*)
 *(.data.rel.ro* .gnu.linkonce.d.rel.ro.*)

.dynamic        0x000000000804af20       0xd0
 *(.dynamic)
 .dynamic       0x000000000804af20       0xd0 /usr/lib/gcc/i686-linux-gnu/4.6/../../../i386-linux-gnu/crt1.o
                0x000000000804af20                _DYNAMIC

.got            0x000000000804aff0        0x4
 *(.got)
 .got           0x000000000804aff0        0x4 /usr/lib/gcc/i686-linux-gnu/4.6/../../../i386-linux-gnu/crt1.o
 *(.igot)
                0x000000000804aff4                . = DATA_SEGMENT_RELRO_END (., 0xc)

.got.plt        0x000000000804aff4       0x14
 *(.got.plt)
 .got.plt       0x000000000804aff4       0x14 /usr/lib/gcc/i686-linux-gnu/4.6/../../../i386-linux-gnu/crt1.o
                0x000000000804aff4                _GLOBAL_OFFSET_TABLE_
 *(.igot.plt)
 .igot.plt      0x0000000000000000        0x0 /usr/lib/gcc/i686-linux-gnu/4.6/../../../i386-linux-gnu/crt1.o

.data
 *(.data .data.* .gnu.linkonce.d.*)

.data1
 *(.data1)
                0x000000000804b008                _edata = .
                0x000000000804b008                PROVIDE (edata, .)
                0x000000000804b008                __bss_start = .

.bss            0x000000000804b020       0xa4
 *(.dynbss)
 .dynbss        0x0000000000000000        0x0 /usr/lib/gcc/i686-linux-gnu/4.6/../../../i386-linux-gnu/crt1.o
 *(.bss .bss.* .gnu.linkonce.b.*)
 .bss           0x000000000804b020        0x8 /usr/lib/gcc/i686-linux-gnu/4.6/crtbegin.o
 *fill*         0x000000000804b028       0x18 00
 .bss.l_blinkyQSto
                0x000000000804b040       0x50 dbg/main.o
 *(COMMON)
 *fill*         0x000000000804b090       0x10 00
 COMMON         0x000000000804b0a0       0x20 dbg/blinky.o
                0x000000000804b0a0                AO_Blinky
 COMMON         0x000000000804b0c0        0x3 dbg/qfn.o
                0x000000000804b0c0                QF_maxActive_
                0x000000000804b0c1                QF_readySet_
                0x000000000804b0c2                QF_timerSetX_
                0x000000000804b0c4                . = ALIGN ((. != 0x0)?0x4:0x1)
 *fill*         0x000000000804b0c3        0x1 00
                0x000000000804b0c4                . = ALIGN (0x4)
                0x000000000804b0c4                . = ALIGN (0x4)
                0x000000000804b0c4                _end = .
                0x000000000804b0c4                PROVIDE (end, .)
                0x000000000804b0c4                . = DATA_SEGMENT_END (.)

.stab
 *(.stab)

.stabstr
 *(.stabstr)

.stab.excl
 *(.stab.excl)

.stab.exclstr
 *(.stab.exclstr)

.stab.index
 *(.stab.index)

.stab.indexstr
 *(.stab.indexstr)

.comment        0x0000000000000000       0x2a
 *(.comment)
 .comment       0x0000000000000000       0x2a /usr/lib/gcc/i686-linux-gnu/4.6/crtbegin.o
                                         0x2b (size before relaxing)
 .comment       0x0000000000000000       0x2b dbg/blinky.o
 .comment       0x0000000000000000       0x2b dbg/bsp.o
 .comment       0x0000000000000000       0x2b dbg/main.o
 .comment       0x0000000000000000       0x2b dbg/qepn.o
 .comment       0x0000000000000000       0x2b dbg/qfn.o
 .comment       0x0000000000000000       0x2b dbg/qvn.o
 .comment       0x0000000000000000       0x2b /usr/lib/i386-linux-gnu/libc_nonshared.a(elf-init.oS)
 .comment       0x0000000000000000       0x2b /usr/lib/gcc/i686-linux-gnu/4.6/crtend.o

.debug
 *(.debug)

.line
 *(.line)

.debug_srcinfo
 *(.debug_srcinfo)

.debug_sfnames
 *(.debug_sfnames)

.debug_aranges  0x0000000000000000      0x158
 *(.debug_aranges)
 .debug_aranges
                0x0000000000000000       0x30 dbg/blinky.o
 .debug_aranges
                0x0000000000000030       0x58 dbg/bsp.o
 .debug_aranges
                0x0000000000000088       0x20 dbg/main.o
 .debug_aranges
                0x00000000000000a8       0x40 dbg/qepn.o
 .debug_aranges
                0x00000000000000e8       0x50 dbg/qfn.o
 .debug_aranges
                0x0000000000000138       0x20 dbg/qvn.o

.debug_pubnames
 *(.debug_pubnames)

.debug_info     0x0000000000000000     0x2103
 *(.debug_info .gnu.linkonce.wi.*)
 .debug_info    0x0000000000000000      0x72b dbg/blinky.o
 .debug_info    0x000000000000072b      0x420 dbg/bsp.o
 .debug_info    0x0000000000000b4b      0x608 dbg/main.o
 .debug_info    0x0000000000001153      0x535 dbg/qepn.o
 .debug_info    0x0000000000001688      0x6d2 dbg/qfn.o
 .debug_info    0x0000000000001d5a      0x3a9 dbg/qvn.o

.debug_abbrev   0x0000000000000000      0x9de
 *(.debug_abbrev)
 .debug_abbrev  0x0000000000000000      0x1a0 dbg/blinky.o
 .debug_abbrev  0x00000000000001a0      0x12f dbg/bsp.o
 .debug_abbrev  0x00000000000002cf      0x177 dbg/main.o
 .debug_abbrev  0x0000000000000446      0x235 dbg/qepn.o
 .debug_abbrev  0x000000000000067b      0x219 dbg/qfn.o
 .debug_abbrev  0x0000000000000894      0x14a dbg/qvn.o

.debug_line     0x0000000000000000      0x75b
 *(.debug_line)
 .debug_line    0x0000000000000000      0x12e dbg/blinky.o
 .debug_line    0x000000000000012e      0x149 dbg/bsp.o
 .debug_line    0x0000000000000277       0xfc dbg/main.o
 .debug_line    0x0000000000000373      0x1b6 dbg/qepn.o
 .debug_line    0x0000000000000529      0x15b dbg/qfn.o
 .debug_line    0x0000000000000684       0xd7 dbg/qvn.o

.debug_frame
 *(.debug_frame)

.debug_str      0x0000000000000000      0x6ce
 *(.debug_str)
 .debug_str     0x0000000000000000      0x4a1 dbg/blinky.o
                                        0x4fa (size before relaxing)
 .debug_str     0x00000000000004a1       0x8a dbg/bsp.o
                                        0x2df (size before relaxing)
 .debug_str     0x000000000000052b       0x38 dbg/main.o
                                        0x3d3 (size before relaxing)
 .debug_str     0x0000000000000563       0x8c dbg/qepn.o
                                        0x2a1 (size before relaxing)
 .debug_str     0x00000000000005ef       0xc3 dbg/qfn.o
                                        0x2d2 (size before relaxing)
 .debug_str     0x00000000000006b2       0x1c dbg/qvn.o
                                        0x1b8 (size before relaxing)

.debug_loc      0x0000000000000000      0xcef
 *(.debug_loc)
 .debug_loc     0x0000000000000000       0x83 dbg/blinky.o
 .debug_loc     0x0000000000000083       0x2c dbg/bsp.o
 .debug_loc     0x00000000000000af       0x38 dbg/main.o
 .debug_loc     0x00000000000000e7      0x706 dbg/qepn.o
 .debug_loc     0x00000000000007ed      0x403 dbg/qfn.o
 .debug_loc     0x0000000000000bf0       0xff dbg/qvn.o

.debug_macinfo
 *(.debug_macinfo)

.debug_weaknames
 *(.debug_weaknames)

.debug_funcnames
 *(.debug_funcnames)

.debug_typenames
 *(.debug_typenames)

.debug_varnames
 *(.debug_varnames)

.debug_pubtypes
 *(.debug_pubtypes)

.debug_ranges   0x0000000000000000      0x128
 *(.debug_ranges)
 .debug_ranges  0x0000000000000000       0x20 dbg/blinky.o
 .debug_ranges  0x0000000000000020       0x48 dbg/bsp.o
 .debug_ranges  0x0000000000000068       0x10 dbg/main.o
 .debug_ranges  0x0000000000000078       0x48 dbg/qepn.o
 .debug_ranges  0x00000000000000c0       0x40 dbg/qfn.o
 .debug_ranges  0x0000000000000100       0x28 dbg/qvn.o

.gnu.attributes
 *(.gnu.attributes)

/DISCARD/
 *(.note.GNU-stack)
 *(.gnu_debuglink)
 *(.gnu.lto_*)
OUTPUT(dbg/80C51 elf32-i386)

Cross Reference Table

Symbol                                            File
AO_Blinky                                         dbg/main.o
                                                  dbg/blinky.o
BSP_init                                          dbg/bsp.o
                                                  dbg/main.o
BSP_ledOff                                        dbg/bsp.o
BSP_ledOn                                         dbg/bsp.o
Blinky_ctor                                       dbg/blinky.o
                                                  dbg/main.o
GCC_3.0                                           /lib/i386-linux-gnu/libc.so.6
GLIBC_2.0                                         /lib/i386-linux-gnu/libc.so.6
                                                  /lib/i386-linux-gnu/ld-linux.so.2
GLIBC_2.1                                         /lib/i386-linux-gnu/libc.so.6
                                                  /lib/i386-linux-gnu/ld-linux.so.2
GLIBC_2.1.1                                       /lib/i386-linux-gnu/libc.so.6
GLIBC_2.1.2                                       /lib/i386-linux-gnu/libc.so.6
GLIBC_2.1.3                                       /lib/i386-linux-gnu/libc.so.6
GLIBC_2.10                                        /lib/i386-linux-gnu/libc.so.6
GLIBC_2.11                                        /lib/i386-linux-gnu/libc.so.6
GLIBC_2.12                                        /lib/i386-linux-gnu/libc.so.6
GLIBC_2.13                                        /lib/i386-linux-gnu/libc.so.6
GLIBC_2.14                                        /lib/i386-linux-gnu/libc.so.6
GLIBC_2.15                                        /lib/i386-linux-gnu/libc.so.6
GLIBC_2.2                                         /lib/i386-linux-gnu/libc.so.6
GLIBC_2.2.1                                       /lib/i386-linux-gnu/libc.so.6
GLIBC_2.2.2                                       /lib/i386-linux-gnu/libc.so.6
GLIBC_2.2.3                                       /lib/i386-linux-gnu/libc.so.6
GLIBC_2.2.4                                       /lib/i386-linux-gnu/libc.so.6
GLIBC_2.2.6                                       /lib/i386-linux-gnu/libc.so.6
GLIBC_2.3                                         /lib/i386-linux-gnu/libc.so.6
                                                  /lib/i386-linux-gnu/ld-linux.so.2
GLIBC_2.3.2                                       /lib/i386-linux-gnu/libc.so.6
GLIBC_2.3.3                                       /lib/i386-linux-gnu/libc.so.6
GLIBC_2.3.4                                       /lib/i386-linux-gnu/libc.so.6
GLIBC_2.4                                         /lib/i386-linux-gnu/libc.so.6
                                                  /lib/i386-linux-gnu/ld-linux.so.2
GLIBC_2.5                                         /lib/i386-linux-gnu/libc.so.6
GLIBC_2.6                                         /lib/i386-linux-gnu/libc.so.6
GLIBC_2.7                                         /lib/i386-linux-gnu/libc.so.6
GLIBC_2.8                                         /lib/i386-linux-gnu/libc.so.6
GLIBC_2.9                                         /lib/i386-linux-gnu/libc.so.6
GLIBC_PRIVATE                                     /lib/i386-linux-gnu/libc.so.6
                                                  /lib/i386-linux-gnu/ld-linux.so.2
QActive_armX                                      dbg/qfn.o
QActive_ctor                                      dbg/qfn.o
                                                  dbg/blinky.o
QActive_disarmX                                   dbg/qfn.o
QActive_postXISR_                                 dbg/qfn.o
QActive_postX_                                    dbg/qfn.o
QF_active                                         dbg/main.o
                                                  dbg/qvn.o
                                                  dbg/qfn.o
QF_init                                           dbg/qfn.o
                                                  dbg/main.o
QF_log2Lkup                                       dbg/qfn.o
                                                  dbg/qvn.o
QF_maxActive_                                     dbg/qvn.o
                                                  dbg/qfn.o
QF_onCleanup                                      dbg/bsp.o
QF_onStartup                                      dbg/bsp.o
                                                  dbg/qvn.o
QF_readySet_                                      dbg/qvn.o
                                                  dbg/qfn.o
QF_run                                            dbg/qvn.o
                                                  dbg/main.o
QF_stop                                           dbg/bsp.o
QF_tickXISR                                       dbg/qfn.o
QF_timerSetX_                                     dbg/qfn.o
QHsm_childState_                                  dbg/qepn.o
QHsm_ctor                                         dbg/qepn.o
                                                  dbg/qfn.o
QHsm_dispatch_                                    dbg/qepn.o
                                                  dbg/qfn.o
QHsm_init_                                        dbg/qepn.o
                                                  dbg/qfn.o
QHsm_top                                          dbg/qepn.o
                                                  dbg/blinky.o
QP_versionStr                                     dbg/qepn.o
QV_onIdle                                         dbg/bsp.o
                                                  dbg/qvn.o
Q_onAssert                                        dbg/bsp.o
                                                  dbg/qvn.o
                                                  dbg/qfn.o
                                                  dbg/qepn.o
TM0_Init                                          dbg/bsp.o
_DYNAMIC                                          /usr/lib/gcc/i686-linux-gnu/4.6/../../../i386-linux-gnu/crt1.o
_Exit                                             /lib/i386-linux-gnu/libc.so.6
_Exit@@GLIBC_2.1.1                                /lib/i386-linux-gnu/libc.so.6
_Exit@GLIBC_2.1.1                                 /lib/i386-linux-gnu/libc.so.6
_GLOBAL_OFFSET_TABLE_                             /usr/lib/gcc/i686-linux-gnu/4.6/../../../i386-linux-gnu/crt1.o
                                                  /usr/lib/i386-linux-gnu/libc_nonshared.a(elf-init.oS)
                                                  /usr/lib/gcc/i686-linux-gnu/4.6/../../../i386-linux-gnu/crti.o
_IO_fprintf                                       /lib/i386-linux-gnu/libc.so.6
_IO_fprintf@@GLIBC_2.0                            /lib/i386-linux-gnu/libc.so.6
_IO_fprintf@GLIBC_2.0                             /lib/i386-linux-gnu/libc.so.6
_IO_stdin_used                                    /usr/lib/gcc/i686-linux-gnu/4.6/../../../i386-linux-gnu/crt1.o
                                                  /lib/i386-linux-gnu/libc.so.6
_Jv_RegisterClasses                               /usr/lib/gcc/i686-linux-gnu/4.6/crtbegin.o
__DTOR_END__                                      /usr/lib/gcc/i686-linux-gnu/4.6/crtend.o
                                                  /usr/lib/gcc/i686-linux-gnu/4.6/crtbegin.o
___brk_addr                                       /lib/i386-linux-gnu/libc.so.6
___brk_addr@@GLIBC_2.0                            /lib/i386-linux-gnu/libc.so.6
___brk_addr@GLIBC_2.0                             /lib/i386-linux-gnu/libc.so.6
__after_morecore_hook                             /lib/i386-linux-gnu/libc.so.6
__after_morecore_hook@@GLIBC_2.0                  /lib/i386-linux-gnu/libc.so.6
__after_morecore_hook@GLIBC_2.0                   /lib/i386-linux-gnu/libc.so.6
__close                                           /lib/i386-linux-gnu/libc.so.6
__close@@GLIBC_2.0                                /lib/i386-linux-gnu/libc.so.6
__close@GLIBC_2.0                                 /lib/i386-linux-gnu/libc.so.6
__connect                                         /lib/i386-linux-gnu/libc.so.6
__connect@@GLIBC_2.0                              /lib/i386-linux-gnu/libc.so.6
__connect@GLIBC_2.0                               /lib/i386-linux-gnu/libc.so.6
__ctype_get_mb_cur_max                            /lib/i386-linux-gnu/libc.so.6
__ctype_get_mb_cur_max@@GLIBC_2.0                 /lib/i386-linux-gnu/libc.so.6
__ctype_get_mb_cur_max@GLIBC_2.0                  /lib/i386-linux-gnu/libc.so.6
__data_start                                      /usr/lib/gcc/i686-linux-gnu/4.6/../../../i386-linux-gnu/crt1.o
__dso_handle                                      /usr/lib/gcc/i686-linux-gnu/4.6/crtbegin.o
__fcntl                                           /lib/i386-linux-gnu/libc.so.6
__fcntl@@GLIBC_2.0                                /lib/i386-linux-gnu/libc.so.6
__fcntl@GLIBC_2.0                                 /lib/i386-linux-gnu/libc.so.6
__free_hook                                       /lib/i386-linux-gnu/libc.so.6
__free_hook@@GLIBC_2.0                            /lib/i386-linux-gnu/libc.so.6
__free_hook@GLIBC_2.0                             /lib/i386-linux-gnu/libc.so.6
__getdelim                                        /lib/i386-linux-gnu/libc.so.6
__getdelim@@GLIBC_2.0                             /lib/i386-linux-gnu/libc.so.6
__getdelim@GLIBC_2.0                              /lib/i386-linux-gnu/libc.so.6
__gmon_start__                                    /usr/lib/gcc/i686-linux-gnu/4.6/../../../i386-linux-gnu/crti.o
__i686.get_pc_thunk.bx                            /usr/lib/i386-linux-gnu/libc_nonshared.a(elf-init.oS)
__init_array_end                                  /usr/lib/i386-linux-gnu/libc_nonshared.a(elf-init.oS)
__init_array_start                                /usr/lib/i386-linux-gnu/libc_nonshared.a(elf-init.oS)
__isascii_l                                       /lib/i386-linux-gnu/libc.so.6
__isascii_l@@GLIBC_2.1                            /lib/i386-linux-gnu/libc.so.6
__isascii_l@GLIBC_2.1                             /lib/i386-linux-gnu/libc.so.6
__libc_csu_fini                                   /usr/lib/i386-linux-gnu/libc_nonshared.a(elf-init.oS)
                                                  /usr/lib/gcc/i686-linux-gnu/4.6/../../../i386-linux-gnu/crt1.o
__libc_csu_init                                   /usr/lib/i386-linux-gnu/libc_nonshared.a(elf-init.oS)
                                                  /usr/lib/gcc/i686-linux-gnu/4.6/../../../i386-linux-gnu/crt1.o
__libc_start_main                                 /lib/i386-linux-gnu/libc.so.6
                                                  /usr/lib/gcc/i686-linux-gnu/4.6/../../../i386-linux-gnu/crt1.o
__libc_start_main@@GLIBC_2.0                      /lib/i386-linux-gnu/libc.so.6
__libc_start_main@GLIBC_2.0                       /lib/i386-linux-gnu/libc.so.6
__lseek                                           /lib/i386-linux-gnu/libc.so.6
__lseek@@GLIBC_2.0                                /lib/i386-linux-gnu/libc.so.6
__lseek@GLIBC_2.0                                 /lib/i386-linux-gnu/libc.so.6
__malloc_hook                                     /lib/i386-linux-gnu/libc.so.6
__malloc_hook@@GLIBC_2.0                          /lib/i386-linux-gnu/libc.so.6
__malloc_hook@GLIBC_2.0                           /lib/i386-linux-gnu/libc.so.6
__malloc_initialize_hook                          /lib/i386-linux-gnu/libc.so.6
__malloc_initialize_hook@@GLIBC_2.0               /lib/i386-linux-gnu/libc.so.6
__malloc_initialize_hook@GLIBC_2.0                /lib/i386-linux-gnu/libc.so.6
__memalign_hook                                   /lib/i386-linux-gnu/libc.so.6
__memalign_hook@@GLIBC_2.0                        /lib/i386-linux-gnu/libc.so.6
__memalign_hook@GLIBC_2.0                         /lib/i386-linux-gnu/libc.so.6
__nanosleep                                       /lib/i386-linux-gnu/libc.so.6
__nanosleep@@GLIBC_2.2.6                          /lib/i386-linux-gnu/libc.so.6
__nanosleep@GLIBC_2.2.6                           /lib/i386-linux-gnu/libc.so.6
__open                                            /lib/i386-linux-gnu/libc.so.6
__open64                                          /lib/i386-linux-gnu/libc.so.6
__open64@@GLIBC_2.2                               /lib/i386-linux-gnu/libc.so.6
__open64@GLIBC_2.2                                /lib/i386-linux-gnu/libc.so.6
__open@@GLIBC_2.0                                 /lib/i386-linux-gnu/libc.so.6
__open@GLIBC_2.0                                  /lib/i386-linux-gnu/libc.so.6
__pread64                                         /lib/i386-linux-gnu/libc.so.6
__pread64@@GLIBC_2.1                              /lib/i386-linux-gnu/libc.so.6
__pread64@GLIBC_2.1                               /lib/i386-linux-gnu/libc.so.6
__pwrite64                                        /lib/i386-linux-gnu/libc.so.6
__pwrite64@@GLIBC_2.1                             /lib/i386-linux-gnu/libc.so.6
__pwrite64@GLIBC_2.1                              /lib/i386-linux-gnu/libc.so.6
__read                                            /lib/i386-linux-gnu/libc.so.6
__read@@GLIBC_2.0                                 /lib/i386-linux-gnu/libc.so.6
__read@GLIBC_2.0                                  /lib/i386-linux-gnu/libc.so.6
__realloc_hook                                    /lib/i386-linux-gnu/libc.so.6
__realloc_hook@@GLIBC_2.0                         /lib/i386-linux-gnu/libc.so.6
__realloc_hook@GLIBC_2.0                          /lib/i386-linux-gnu/libc.so.6
__send                                            /lib/i386-linux-gnu/libc.so.6
__send@@GLIBC_2.0                                 /lib/i386-linux-gnu/libc.so.6
__send@GLIBC_2.0                                  /lib/i386-linux-gnu/libc.so.6
__sigaction                                       /lib/i386-linux-gnu/libc.so.6
__sigaction@@GLIBC_2.0                            /lib/i386-linux-gnu/libc.so.6
__sigaction@GLIBC_2.0                             /lib/i386-linux-gnu/libc.so.6
__toascii_l                                       /lib/i386-linux-gnu/libc.so.6
__toascii_l@@GLIBC_2.1                            /lib/i386-linux-gnu/libc.so.6
__toascii_l@GLIBC_2.1                             /lib/i386-linux-gnu/libc.so.6
__vsnprintf                                       /lib/i386-linux-gnu/libc.so.6
__vsnprintf@@GLIBC_2.0                            /lib/i386-linux-gnu/libc.so.6
__vsnprintf@GLIBC_2.0                             /lib/i386-linux-gnu/libc.so.6
__vsscanf                                         /lib/i386-linux-gnu/libc.so.6
__vsscanf@@GLIBC_2.0                              /lib/i386-linux-gnu/libc.so.6
__vsscanf@GLIBC_2.0                               /lib/i386-linux-gnu/libc.so.6
__wait                                            /lib/i386-linux-gnu/libc.so.6
__wait@@GLIBC_2.0                                 /lib/i386-linux-gnu/libc.so.6
__wait@GLIBC_2.0                                  /lib/i386-linux-gnu/libc.so.6
__write                                           /lib/i386-linux-gnu/libc.so.6
__write@@GLIBC_2.0                                /lib/i386-linux-gnu/libc.so.6
__write@GLIBC_2.0                                 /lib/i386-linux-gnu/libc.so.6
__xpg_sigpause                                    /lib/i386-linux-gnu/libc.so.6
__xpg_sigpause@@GLIBC_2.2                         /lib/i386-linux-gnu/libc.so.6
__xpg_sigpause@GLIBC_2.2                          /lib/i386-linux-gnu/libc.so.6
_dl_starting_up                                   /lib/i386-linux-gnu/libc.so.6
_environ                                          /lib/i386-linux-gnu/libc.so.6
_environ@@GLIBC_2.0                               /lib/i386-linux-gnu/libc.so.6
_environ@GLIBC_2.0                                /lib/i386-linux-gnu/libc.so.6
_fini                                             /usr/lib/gcc/i686-linux-gnu/4.6/../../../i386-linux-gnu/crti.o
_flushlbf                                         /lib/i386-linux-gnu/libc.so.6
_flushlbf@@GLIBC_2.2                              /lib/i386-linux-gnu/libc.so.6
_flushlbf@GLIBC_2.2                               /lib/i386-linux-gnu/libc.so.6
_fp_hw                                            /usr/lib/gcc/i686-linux-gnu/4.6/../../../i386-linux-gnu/crt1.o
_init                                             /usr/lib/gcc/i686-linux-gnu/4.6/../../../i386-linux-gnu/crti.o
                                                  /usr/lib/i386-linux-gnu/libc_nonshared.a(elf-init.oS)
_longjmp                                          /lib/i386-linux-gnu/libc.so.6
_longjmp@@GLIBC_2.0                               /lib/i386-linux-gnu/libc.so.6
_longjmp@GLIBC_2.0                                /lib/i386-linux-gnu/libc.so.6
_start                                            /usr/lib/gcc/i686-linux-gnu/4.6/../../../i386-linux-gnu/crt1.o
accept                                            /lib/i386-linux-gnu/libc.so.6
accept4                                           /lib/i386-linux-gnu/libc.so.6
accept4@@GLIBC_2.10                               /lib/i386-linux-gnu/libc.so.6
accept4@GLIBC_2.10                                /lib/i386-linux-gnu/libc.so.6
accept@@GLIBC_2.0                                 /lib/i386-linux-gnu/libc.so.6
accept@GLIBC_2.0                                  /lib/i386-linux-gnu/libc.so.6
access                                            /lib/i386-linux-gnu/libc.so.6
access@@GLIBC_2.0                                 /lib/i386-linux-gnu/libc.so.6
access@GLIBC_2.0                                  /lib/i386-linux-gnu/libc.so.6
addmntent                                         /lib/i386-linux-gnu/libc.so.6
addmntent@@GLIBC_2.0                              /lib/i386-linux-gnu/libc.so.6
addmntent@GLIBC_2.0                               /lib/i386-linux-gnu/libc.so.6
adjtime                                           /lib/i386-linux-gnu/libc.so.6
adjtime@@GLIBC_2.0                                /lib/i386-linux-gnu/libc.so.6
adjtime@GLIBC_2.0                                 /lib/i386-linux-gnu/libc.so.6
adjtimex                                          /lib/i386-linux-gnu/libc.so.6
adjtimex@@GLIBC_2.0                               /lib/i386-linux-gnu/libc.so.6
adjtimex@GLIBC_2.0                                /lib/i386-linux-gnu/libc.so.6
advance                                           /lib/i386-linux-gnu/libc.so.6
advance@@GLIBC_2.0                                /lib/i386-linux-gnu/libc.so.6
advance@GLIBC_2.0                                 /lib/i386-linux-gnu/libc.so.6
argp_error                                        /lib/i386-linux-gnu/libc.so.6
argp_error@@GLIBC_2.1                             /lib/i386-linux-gnu/libc.so.6
argp_error@GLIBC_2.1                              /lib/i386-linux-gnu/libc.so.6
argp_failure                                      /lib/i386-linux-gnu/libc.so.6
argp_failure@@GLIBC_2.1                           /lib/i386-linux-gnu/libc.so.6
argp_failure@GLIBC_2.1                            /lib/i386-linux-gnu/libc.so.6
argp_help                                         /lib/i386-linux-gnu/libc.so.6
argp_help@@GLIBC_2.1                              /lib/i386-linux-gnu/libc.so.6
argp_help@GLIBC_2.1                               /lib/i386-linux-gnu/libc.so.6
argp_parse                                        /lib/i386-linux-gnu/libc.so.6
argp_parse@@GLIBC_2.1                             /lib/i386-linux-gnu/libc.so.6
argp_parse@GLIBC_2.1                              /lib/i386-linux-gnu/libc.so.6
argp_state_help                                   /lib/i386-linux-gnu/libc.so.6
argp_state_help@@GLIBC_2.1                        /lib/i386-linux-gnu/libc.so.6
argp_state_help@GLIBC_2.1                         /lib/i386-linux-gnu/libc.so.6
argp_usage                                        /lib/i386-linux-gnu/libc.so.6
argp_usage@@GLIBC_2.1                             /lib/i386-linux-gnu/libc.so.6
argp_usage@GLIBC_2.1                              /lib/i386-linux-gnu/libc.so.6
argz_add                                          /lib/i386-linux-gnu/libc.so.6
argz_add@@GLIBC_2.0                               /lib/i386-linux-gnu/libc.so.6
argz_add@GLIBC_2.0                                /lib/i386-linux-gnu/libc.so.6
argz_add_sep                                      /lib/i386-linux-gnu/libc.so.6
argz_add_sep@@GLIBC_2.0                           /lib/i386-linux-gnu/libc.so.6
argz_add_sep@GLIBC_2.0                            /lib/i386-linux-gnu/libc.so.6
argz_append                                       /lib/i386-linux-gnu/libc.so.6
argz_append@@GLIBC_2.0                            /lib/i386-linux-gnu/libc.so.6
argz_append@GLIBC_2.0                             /lib/i386-linux-gnu/libc.so.6
argz_count                                        /lib/i386-linux-gnu/libc.so.6
argz_count@@GLIBC_2.0                             /lib/i386-linux-gnu/libc.so.6
argz_count@GLIBC_2.0                              /lib/i386-linux-gnu/libc.so.6
argz_create                                       /lib/i386-linux-gnu/libc.so.6
argz_create@@GLIBC_2.0                            /lib/i386-linux-gnu/libc.so.6
argz_create@GLIBC_2.0                             /lib/i386-linux-gnu/libc.so.6
argz_create_sep                                   /lib/i386-linux-gnu/libc.so.6
argz_create_sep@@GLIBC_2.0                        /lib/i386-linux-gnu/libc.so.6
argz_create_sep@GLIBC_2.0                         /lib/i386-linux-gnu/libc.so.6
argz_extract                                      /lib/i386-linux-gnu/libc.so.6
argz_extract@@GLIBC_2.0                           /lib/i386-linux-gnu/libc.so.6
argz_extract@GLIBC_2.0                            /lib/i386-linux-gnu/libc.so.6
argz_insert                                       /lib/i386-linux-gnu/libc.so.6
argz_insert@@GLIBC_2.0                            /lib/i386-linux-gnu/libc.so.6
argz_insert@GLIBC_2.0                             /lib/i386-linux-gnu/libc.so.6
argz_next                                         /lib/i386-linux-gnu/libc.so.6
argz_next@@GLIBC_2.0                              /lib/i386-linux-gnu/libc.so.6
argz_next@GLIBC_2.0                               /lib/i386-linux-gnu/libc.so.6
argz_replace                                      /lib/i386-linux-gnu/libc.so.6
argz_replace@@GLIBC_2.0                           /lib/i386-linux-gnu/libc.so.6
argz_replace@GLIBC_2.0                            /lib/i386-linux-gnu/libc.so.6
argz_stringify                                    /lib/i386-linux-gnu/libc.so.6
argz_stringify@@GLIBC_2.0                         /lib/i386-linux-gnu/libc.so.6
argz_stringify@GLIBC_2.0                          /lib/i386-linux-gnu/libc.so.6
asctime_r                                         /lib/i386-linux-gnu/libc.so.6
asctime_r@@GLIBC_2.0                              /lib/i386-linux-gnu/libc.so.6
asctime_r@GLIBC_2.0                               /lib/i386-linux-gnu/libc.so.6
asprintf                                          /lib/i386-linux-gnu/libc.so.6
asprintf@@GLIBC_2.0                               /lib/i386-linux-gnu/libc.so.6
asprintf@GLIBC_2.0                                /lib/i386-linux-gnu/libc.so.6
backtrace                                         /lib/i386-linux-gnu/libc.so.6
backtrace@@GLIBC_2.1                              /lib/i386-linux-gnu/libc.so.6
backtrace@GLIBC_2.1                               /lib/i386-linux-gnu/libc.so.6
backtrace_symbols                                 /lib/i386-linux-gnu/libc.so.6
backtrace_symbols@@GLIBC_2.1                      /lib/i386-linux-gnu/libc.so.6
backtrace_symbols@GLIBC_2.1                       /lib/i386-linux-gnu/libc.so.6
backtrace_symbols_fd                              /lib/i386-linux-gnu/libc.so.6
backtrace_symbols_fd@@GLIBC_2.1                   /lib/i386-linux-gnu/libc.so.6
backtrace_symbols_fd@GLIBC_2.1                    /lib/i386-linux-gnu/libc.so.6
bcmp                                              /lib/i386-linux-gnu/libc.so.6
bcmp@@GLIBC_2.0                                   /lib/i386-linux-gnu/libc.so.6
bcmp@GLIBC_2.0                                    /lib/i386-linux-gnu/libc.so.6
bind_textdomain_codeset                           /lib/i386-linux-gnu/libc.so.6
bind_textdomain_codeset@@GLIBC_2.2                /lib/i386-linux-gnu/libc.so.6
bind_textdomain_codeset@GLIBC_2.2                 /lib/i386-linux-gnu/libc.so.6
bindtextdomain                                    /lib/i386-linux-gnu/libc.so.6
bindtextdomain@@GLIBC_2.0                         /lib/i386-linux-gnu/libc.so.6
bindtextdomain@GLIBC_2.0                          /lib/i386-linux-gnu/libc.so.6
brk                                               /lib/i386-linux-gnu/libc.so.6
brk@@GLIBC_2.0                                    /lib/i386-linux-gnu/libc.so.6
brk@GLIBC_2.0                                     /lib/i386-linux-gnu/libc.so.6
bsd_signal                                        /lib/i386-linux-gnu/libc.so.6
bsd_signal@@GLIBC_2.0                             /lib/i386-linux-gnu/libc.so.6
bsd_signal@GLIBC_2.0                              /lib/i386-linux-gnu/libc.so.6
btowc                                             /lib/i386-linux-gnu/libc.so.6
btowc@@GLIBC_2.0                                  /lib/i386-linux-gnu/libc.so.6
btowc@GLIBC_2.0                                   /lib/i386-linux-gnu/libc.so.6
bzero                                             /lib/i386-linux-gnu/libc.so.6
bzero@@GLIBC_2.0                                  /lib/i386-linux-gnu/libc.so.6
bzero@GLIBC_2.0                                   /lib/i386-linux-gnu/libc.so.6
calloc                                            /lib/i386-linux-gnu/libc.so.6
calloc@@GLIBC_2.0                                 /lib/i386-linux-gnu/libc.so.6
                                                  /lib/i386-linux-gnu/ld-linux.so.2
calloc@GLIBC_2.0                                  /lib/i386-linux-gnu/libc.so.6
canonicalize_file_name                            /lib/i386-linux-gnu/libc.so.6
canonicalize_file_name@@GLIBC_2.0                 /lib/i386-linux-gnu/libc.so.6
canonicalize_file_name@GLIBC_2.0                  /lib/i386-linux-gnu/libc.so.6
cfree                                             /lib/i386-linux-gnu/libc.so.6
cfree@@GLIBC_2.0                                  /lib/i386-linux-gnu/libc.so.6
cfree@GLIBC_2.0                                   /lib/i386-linux-gnu/libc.so.6
chdir                                             /lib/i386-linux-gnu/libc.so.6
chdir@@GLIBC_2.0                                  /lib/i386-linux-gnu/libc.so.6
chdir@GLIBC_2.0                                   /lib/i386-linux-gnu/libc.so.6
chmod                                             /lib/i386-linux-gnu/libc.so.6
chmod@@GLIBC_2.0                                  /lib/i386-linux-gnu/libc.so.6
chmod@GLIBC_2.0                                   /lib/i386-linux-gnu/libc.so.6
clearenv                                          /lib/i386-linux-gnu/libc.so.6
clearenv@@GLIBC_2.0                               /lib/i386-linux-gnu/libc.so.6
clearenv@GLIBC_2.0                                /lib/i386-linux-gnu/libc.so.6
clone                                             /lib/i386-linux-gnu/libc.so.6
clone@@GLIBC_2.0                                  /lib/i386-linux-gnu/libc.so.6
clone@GLIBC_2.0                                   /lib/i386-linux-gnu/libc.so.6
close                                             /lib/i386-linux-gnu/libc.so.6
close@@GLIBC_2.0                                  /lib/i386-linux-gnu/libc.so.6
close@GLIBC_2.0                                   /lib/i386-linux-gnu/libc.so.6
closedir                                          /lib/i386-linux-gnu/libc.so.6
closedir@@GLIBC_2.0                               /lib/i386-linux-gnu/libc.so.6
closedir@GLIBC_2.0                                /lib/i386-linux-gnu/libc.so.6
connect                                           /lib/i386-linux-gnu/libc.so.6
connect@@GLIBC_2.0                                /lib/i386-linux-gnu/libc.so.6
connect@GLIBC_2.0                                 /lib/i386-linux-gnu/libc.so.6
copysign                                          /lib/i386-linux-gnu/libc.so.6
copysign@@GLIBC_2.0                               /lib/i386-linux-gnu/libc.so.6
copysign@GLIBC_2.0                                /lib/i386-linux-gnu/libc.so.6
copysignf                                         /lib/i386-linux-gnu/libc.so.6
copysignf@@GLIBC_2.0                              /lib/i386-linux-gnu/libc.so.6
copysignf@GLIBC_2.0                               /lib/i386-linux-gnu/libc.so.6
copysignl                                         /lib/i386-linux-gnu/libc.so.6
copysignl@@GLIBC_2.0                              /lib/i386-linux-gnu/libc.so.6
copysignl@GLIBC_2.0                               /lib/i386-linux-gnu/libc.so.6
creat                                             /lib/i386-linux-gnu/libc.so.6
creat@@GLIBC_2.0                                  /lib/i386-linux-gnu/libc.so.6
creat@GLIBC_2.0                                   /lib/i386-linux-gnu/libc.so.6
data_start                                        /usr/lib/gcc/i686-linux-gnu/4.6/../../../i386-linux-gnu/crt1.o
daylight                                          /lib/i386-linux-gnu/libc.so.6
daylight@@GLIBC_2.0                               /lib/i386-linux-gnu/libc.so.6
daylight@GLIBC_2.0                                /lib/i386-linux-gnu/libc.so.6
dcgettext                                         /lib/i386-linux-gnu/libc.so.6
dcgettext@@GLIBC_2.0                              /lib/i386-linux-gnu/libc.so.6
dcgettext@GLIBC_2.0                               /lib/i386-linux-gnu/libc.so.6
dcngettext                                        /lib/i386-linux-gnu/libc.so.6
dcngettext@@GLIBC_2.2                             /lib/i386-linux-gnu/libc.so.6
dcngettext@GLIBC_2.2                              /lib/i386-linux-gnu/libc.so.6
dgettext                                          /lib/i386-linux-gnu/libc.so.6
dgettext@@GLIBC_2.0                               /lib/i386-linux-gnu/libc.so.6
dgettext@GLIBC_2.0                                /lib/i386-linux-gnu/libc.so.6
dl_iterate_phdr                                   /lib/i386-linux-gnu/libc.so.6
dl_iterate_phdr@@GLIBC_2.2.4                      /lib/i386-linux-gnu/libc.so.6
dl_iterate_phdr@GLIBC_2.2.4                       /lib/i386-linux-gnu/libc.so.6
dngettext                                         /lib/i386-linux-gnu/libc.so.6
dngettext@@GLIBC_2.2                              /lib/i386-linux-gnu/libc.so.6
dngettext@GLIBC_2.2                               /lib/i386-linux-gnu/libc.so.6
dup                                               /lib/i386-linux-gnu/libc.so.6
dup2                                              /lib/i386-linux-gnu/libc.so.6
dup2@@GLIBC_2.0                                   /lib/i386-linux-gnu/libc.so.6
dup2@GLIBC_2.0                                    /lib/i386-linux-gnu/libc.so.6
dup@@GLIBC_2.0                                    /lib/i386-linux-gnu/libc.so.6
dup@GLIBC_2.0                                     /lib/i386-linux-gnu/libc.so.6
duplocale                                         /lib/i386-linux-gnu/libc.so.6
duplocale@@GLIBC_2.3                              /lib/i386-linux-gnu/libc.so.6
duplocale@GLIBC_2.3                               /lib/i386-linux-gnu/libc.so.6
eaccess                                           /lib/i386-linux-gnu/libc.so.6
eaccess@@GLIBC_2.4                                /lib/i386-linux-gnu/libc.so.6
eaccess@GLIBC_2.4                                 /lib/i386-linux-gnu/libc.so.6
endmntent                                         /lib/i386-linux-gnu/libc.so.6
endmntent@@GLIBC_2.0                              /lib/i386-linux-gnu/libc.so.6
endmntent@GLIBC_2.0                               /lib/i386-linux-gnu/libc.so.6
endutent                                          /lib/i386-linux-gnu/libc.so.6
endutent@@GLIBC_2.0                               /lib/i386-linux-gnu/libc.so.6
endutent@GLIBC_2.0                                /lib/i386-linux-gnu/libc.so.6
environ                                           /lib/i386-linux-gnu/libc.so.6
environ@@GLIBC_2.0                                /lib/i386-linux-gnu/libc.so.6
environ@GLIBC_2.0                                 /lib/i386-linux-gnu/libc.so.6
erand48_r                                         /lib/i386-linux-gnu/libc.so.6
erand48_r@@GLIBC_2.0                              /lib/i386-linux-gnu/libc.so.6
erand48_r@GLIBC_2.0                               /lib/i386-linux-gnu/libc.so.6
error                                             /lib/i386-linux-gnu/libc.so.6
error@@GLIBC_2.0                                  /lib/i386-linux-gnu/libc.so.6
error@GLIBC_2.0                                   /lib/i386-linux-gnu/libc.so.6
error_at_line                                     /lib/i386-linux-gnu/libc.so.6
error_at_line@@GLIBC_2.0                          /lib/i386-linux-gnu/libc.so.6
error_at_line@GLIBC_2.0                           /lib/i386-linux-gnu/libc.so.6
euidaccess                                        /lib/i386-linux-gnu/libc.so.6
euidaccess@@GLIBC_2.0                             /lib/i386-linux-gnu/libc.so.6
euidaccess@GLIBC_2.0                              /lib/i386-linux-gnu/libc.so.6
execve                                            /lib/i386-linux-gnu/libc.so.6
execve@@GLIBC_2.0                                 /lib/i386-linux-gnu/libc.so.6
execve@GLIBC_2.0                                  /lib/i386-linux-gnu/libc.so.6
execvpe                                           /lib/i386-linux-gnu/libc.so.6
execvpe@@GLIBC_2.11                               /lib/i386-linux-gnu/libc.so.6
execvpe@GLIBC_2.11                                /lib/i386-linux-gnu/libc.so.6
fchdir                                            /lib/i386-linux-gnu/libc.so.6
fchdir@@GLIBC_2.0                                 /lib/i386-linux-gnu/libc.so.6
fchdir@GLIBC_2.0                                  /lib/i386-linux-gnu/libc.so.6
fchmod                                            /lib/i386-linux-gnu/libc.so.6
fchmod@@GLIBC_2.0                                 /lib/i386-linux-gnu/libc.so.6
fchmod@GLIBC_2.0                                  /lib/i386-linux-gnu/libc.so.6
fchown                                            /lib/i386-linux-gnu/libc.so.6
fchown@@GLIBC_2.0                                 /lib/i386-linux-gnu/libc.so.6
fchown@GLIBC_2.0                                  /lib/i386-linux-gnu/libc.so.6
fcloseall                                         /lib/i386-linux-gnu/libc.so.6
fcloseall@@GLIBC_2.0                              /lib/i386-linux-gnu/libc.so.6
fcloseall@GLIBC_2.0                               /lib/i386-linux-gnu/libc.so.6
fcntl                                             /lib/i386-linux-gnu/libc.so.6
fcntl@@GLIBC_2.0                                  /lib/i386-linux-gnu/libc.so.6
fcntl@GLIBC_2.0                                   /lib/i386-linux-gnu/libc.so.6
fdopendir                                         /lib/i386-linux-gnu/libc.so.6
fdopendir@@GLIBC_2.4                              /lib/i386-linux-gnu/libc.so.6
fdopendir@GLIBC_2.4                               /lib/i386-linux-gnu/libc.so.6
feof                                              /lib/i386-linux-gnu/libc.so.6
feof@@GLIBC_2.0                                   /lib/i386-linux-gnu/libc.so.6
feof@GLIBC_2.0                                    /lib/i386-linux-gnu/libc.so.6
ferror                                            /lib/i386-linux-gnu/libc.so.6
ferror@@GLIBC_2.0                                 /lib/i386-linux-gnu/libc.so.6
ferror@GLIBC_2.0                                  /lib/i386-linux-gnu/libc.so.6
fflush                                            /lib/i386-linux-gnu/libc.so.6
fflush@@GLIBC_2.0                                 /lib/i386-linux-gnu/libc.so.6
fflush@GLIBC_2.0                                  /lib/i386-linux-gnu/libc.so.6
ffsl                                              /lib/i386-linux-gnu/libc.so.6
ffsl@@GLIBC_2.1                                   /lib/i386-linux-gnu/libc.so.6
ffsl@GLIBC_2.1                                    /lib/i386-linux-gnu/libc.so.6
fgetc                                             /lib/i386-linux-gnu/libc.so.6
fgetc@@GLIBC_2.0                                  /lib/i386-linux-gnu/libc.so.6
fgetc@GLIBC_2.0                                   /lib/i386-linux-gnu/libc.so.6
fgetc_unlocked                                    /lib/i386-linux-gnu/libc.so.6
fgetc_unlocked@@GLIBC_2.1                         /lib/i386-linux-gnu/libc.so.6
fgetc_unlocked@GLIBC_2.1                          /lib/i386-linux-gnu/libc.so.6
fgetgrent_r                                       /lib/i386-linux-gnu/libc.so.6
fgetgrent_r@@GLIBC_2.0                            /lib/i386-linux-gnu/libc.so.6
fgetgrent_r@GLIBC_2.0                             /lib/i386-linux-gnu/libc.so.6
fgetpwent_r                                       /lib/i386-linux-gnu/libc.so.6
fgetpwent_r@@GLIBC_2.0                            /lib/i386-linux-gnu/libc.so.6
fgetpwent_r@GLIBC_2.0                             /lib/i386-linux-gnu/libc.so.6
fgets                                             /lib/i386-linux-gnu/libc.so.6
fgets@@GLIBC_2.0                                  /lib/i386-linux-gnu/libc.so.6
fgets@GLIBC_2.0                                   /lib/i386-linux-gnu/libc.so.6
fgetsgent_r                                       /lib/i386-linux-gnu/libc.so.6
fgetsgent_r@@GLIBC_2.10                           /lib/i386-linux-gnu/libc.so.6
fgetsgent_r@GLIBC_2.10                            /lib/i386-linux-gnu/libc.so.6
fgetspent_r                                       /lib/i386-linux-gnu/libc.so.6
fgetspent_r@@GLIBC_2.0                            /lib/i386-linux-gnu/libc.so.6
fgetspent_r@GLIBC_2.0                             /lib/i386-linux-gnu/libc.so.6
fgetwc                                            /lib/i386-linux-gnu/libc.so.6
fgetwc@@GLIBC_2.2                                 /lib/i386-linux-gnu/libc.so.6
fgetwc@GLIBC_2.2                                  /lib/i386-linux-gnu/libc.so.6
fgetwc_unlocked                                   /lib/i386-linux-gnu/libc.so.6
fgetwc_unlocked@@GLIBC_2.2                        /lib/i386-linux-gnu/libc.so.6
fgetwc_unlocked@GLIBC_2.2                         /lib/i386-linux-gnu/libc.so.6
fileno_unlocked                                   /lib/i386-linux-gnu/libc.so.6
fileno_unlocked@@GLIBC_2.0                        /lib/i386-linux-gnu/libc.so.6
fileno_unlocked@GLIBC_2.0                         /lib/i386-linux-gnu/libc.so.6
finite                                            /lib/i386-linux-gnu/libc.so.6
finite@@GLIBC_2.0                                 /lib/i386-linux-gnu/libc.so.6
finite@GLIBC_2.0                                  /lib/i386-linux-gnu/libc.so.6
finitef                                           /lib/i386-linux-gnu/libc.so.6
finitef@@GLIBC_2.0                                /lib/i386-linux-gnu/libc.so.6
finitef@GLIBC_2.0                                 /lib/i386-linux-gnu/libc.so.6
finitel                                           /lib/i386-linux-gnu/libc.so.6
finitel@@GLIBC_2.0                                /lib/i386-linux-gnu/libc.so.6
finitel@GLIBC_2.0                                 /lib/i386-linux-gnu/libc.so.6
flock                                             /lib/i386-linux-gnu/libc.so.6
flock@@GLIBC_2.0                                  /lib/i386-linux-gnu/libc.so.6
flock@GLIBC_2.0                                   /lib/i386-linux-gnu/libc.so.6
flockfile                                         /lib/i386-linux-gnu/libc.so.6
flockfile@@GLIBC_2.0                              /lib/i386-linux-gnu/libc.so.6
flockfile@GLIBC_2.0                               /lib/i386-linux-gnu/libc.so.6
fopen64                                           /lib/i386-linux-gnu/libc.so.6
fopen64@@GLIBC_2.1                                /lib/i386-linux-gnu/libc.so.6
fopen64@GLIBC_2.1                                 /lib/i386-linux-gnu/libc.so.6
fork                                              /lib/i386-linux-gnu/libc.so.6
fork@@GLIBC_2.0                                   /lib/i386-linux-gnu/libc.so.6
fork@GLIBC_2.0                                    /lib/i386-linux-gnu/libc.so.6
fpathconf                                         /lib/i386-linux-gnu/libc.so.6
fpathconf@@GLIBC_2.0                              /lib/i386-linux-gnu/libc.so.6
fpathconf@GLIBC_2.0                               /lib/i386-linux-gnu/libc.so.6
fputs                                             /lib/i386-linux-gnu/libc.so.6
fputs@@GLIBC_2.0                                  /lib/i386-linux-gnu/libc.so.6
fputs@GLIBC_2.0                                   /lib/i386-linux-gnu/libc.so.6
fread                                             /lib/i386-linux-gnu/libc.so.6
fread@@GLIBC_2.0                                  /lib/i386-linux-gnu/libc.so.6
fread@GLIBC_2.0                                   /lib/i386-linux-gnu/libc.so.6
freelocale                                        /lib/i386-linux-gnu/libc.so.6
freelocale@@GLIBC_2.3                             /lib/i386-linux-gnu/libc.so.6
freelocale@GLIBC_2.3                              /lib/i386-linux-gnu/libc.so.6
frexp                                             /lib/i386-linux-gnu/libc.so.6
frexp@@GLIBC_2.0                                  /lib/i386-linux-gnu/libc.so.6
frexp@GLIBC_2.0                                   /lib/i386-linux-gnu/libc.so.6
frexpf                                            /lib/i386-linux-gnu/libc.so.6
frexpf@@GLIBC_2.0                                 /lib/i386-linux-gnu/libc.so.6
frexpf@GLIBC_2.0                                  /lib/i386-linux-gnu/libc.so.6
frexpl                                            /lib/i386-linux-gnu/libc.so.6
frexpl@@GLIBC_2.0                                 /lib/i386-linux-gnu/libc.so.6
frexpl@GLIBC_2.0                                  /lib/i386-linux-gnu/libc.so.6
fstatfs                                           /lib/i386-linux-gnu/libc.so.6
fstatfs64                                         /lib/i386-linux-gnu/libc.so.6
fstatfs64@@GLIBC_2.1                              /lib/i386-linux-gnu/libc.so.6
fstatfs64@GLIBC_2.1                               /lib/i386-linux-gnu/libc.so.6
fstatfs@@GLIBC_2.0                                /lib/i386-linux-gnu/libc.so.6
fstatfs@GLIBC_2.0                                 /lib/i386-linux-gnu/libc.so.6
fstatvfs64                                        /lib/i386-linux-gnu/libc.so.6
fstatvfs64@@GLIBC_2.1                             /lib/i386-linux-gnu/libc.so.6
fstatvfs64@GLIBC_2.1                              /lib/i386-linux-gnu/libc.so.6
fsync                                             /lib/i386-linux-gnu/libc.so.6
fsync@@GLIBC_2.0                                  /lib/i386-linux-gnu/libc.so.6
fsync@GLIBC_2.0                                   /lib/i386-linux-gnu/libc.so.6
ftell                                             /lib/i386-linux-gnu/libc.so.6
ftell@@GLIBC_2.0                                  /lib/i386-linux-gnu/libc.so.6
ftell@GLIBC_2.0                                   /lib/i386-linux-gnu/libc.so.6
ftruncate                                         /lib/i386-linux-gnu/libc.so.6
ftruncate64                                       /lib/i386-linux-gnu/libc.so.6
ftruncate64@@GLIBC_2.1                            /lib/i386-linux-gnu/libc.so.6
ftruncate64@GLIBC_2.1                             /lib/i386-linux-gnu/libc.so.6
ftruncate@@GLIBC_2.0                              /lib/i386-linux-gnu/libc.so.6
ftruncate@GLIBC_2.0                               /lib/i386-linux-gnu/libc.so.6
ftrylockfile                                      /lib/i386-linux-gnu/libc.so.6
ftrylockfile@@GLIBC_2.0                           /lib/i386-linux-gnu/libc.so.6
ftrylockfile@GLIBC_2.0                            /lib/i386-linux-gnu/libc.so.6
funlockfile                                       /lib/i386-linux-gnu/libc.so.6
funlockfile@@GLIBC_2.0                            /lib/i386-linux-gnu/libc.so.6
funlockfile@GLIBC_2.0                             /lib/i386-linux-gnu/libc.so.6
futimes                                           /lib/i386-linux-gnu/libc.so.6
futimes@@GLIBC_2.3                                /lib/i386-linux-gnu/libc.so.6
futimes@GLIBC_2.3                                 /lib/i386-linux-gnu/libc.so.6
fwprintf                                          /lib/i386-linux-gnu/libc.so.6
fwprintf@@GLIBC_2.2                               /lib/i386-linux-gnu/libc.so.6
fwprintf@GLIBC_2.2                                /lib/i386-linux-gnu/libc.so.6
fwrite                                            /lib/i386-linux-gnu/libc.so.6
fwrite@@GLIBC_2.0                                 /lib/i386-linux-gnu/libc.so.6
fwrite@GLIBC_2.0                                  /lib/i386-linux-gnu/libc.so.6
get_avphys_pages                                  /lib/i386-linux-gnu/libc.so.6
get_avphys_pages@@GLIBC_2.0                       /lib/i386-linux-gnu/libc.so.6
get_avphys_pages@GLIBC_2.0                        /lib/i386-linux-gnu/libc.so.6
get_nprocs                                        /lib/i386-linux-gnu/libc.so.6
get_nprocs@@GLIBC_2.0                             /lib/i386-linux-gnu/libc.so.6
get_nprocs@GLIBC_2.0                              /lib/i386-linux-gnu/libc.so.6
get_nprocs_conf                                   /lib/i386-linux-gnu/libc.so.6
get_nprocs_conf@@GLIBC_2.0                        /lib/i386-linux-gnu/libc.so.6
get_nprocs_conf@GLIBC_2.0                         /lib/i386-linux-gnu/libc.so.6
get_phys_pages                                    /lib/i386-linux-gnu/libc.so.6
get_phys_pages@@GLIBC_2.0                         /lib/i386-linux-gnu/libc.so.6
get_phys_pages@GLIBC_2.0                          /lib/i386-linux-gnu/libc.so.6
getc                                              /lib/i386-linux-gnu/libc.so.6
getc@@GLIBC_2.0                                   /lib/i386-linux-gnu/libc.so.6
getc@GLIBC_2.0                                    /lib/i386-linux-gnu/libc.so.6
getc_unlocked                                     /lib/i386-linux-gnu/libc.so.6
getc_unlocked@@GLIBC_2.0                          /lib/i386-linux-gnu/libc.so.6
getc_unlocked@GLIBC_2.0                           /lib/i386-linux-gnu/libc.so.6
getcontext                                        /lib/i386-linux-gnu/libc.so.6
getcontext@@GLIBC_2.1                             /lib/i386-linux-gnu/libc.so.6
getcontext@GLIBC_2.1                              /lib/i386-linux-gnu/libc.so.6
getcwd                                            /lib/i386-linux-gnu/libc.so.6
getcwd@@GLIBC_2.0                                 /lib/i386-linux-gnu/libc.so.6
getcwd@GLIBC_2.0                                  /lib/i386-linux-gnu/libc.so.6
getdate_r                                         /lib/i386-linux-gnu/libc.so.6
getdate_r@@GLIBC_2.1                              /lib/i386-linux-gnu/libc.so.6
getdate_r@GLIBC_2.1                               /lib/i386-linux-gnu/libc.so.6
getdelim                                          /lib/i386-linux-gnu/libc.so.6
getdelim@@GLIBC_2.0                               /lib/i386-linux-gnu/libc.so.6
getdelim@GLIBC_2.0                                /lib/i386-linux-gnu/libc.so.6
getdtablesize                                     /lib/i386-linux-gnu/libc.so.6
getdtablesize@@GLIBC_2.0                          /lib/i386-linux-gnu/libc.so.6
getdtablesize@GLIBC_2.0                           /lib/i386-linux-gnu/libc.so.6
getegid                                           /lib/i386-linux-gnu/libc.so.6
getegid@@GLIBC_2.0                                /lib/i386-linux-gnu/libc.so.6
getegid@GLIBC_2.0                                 /lib/i386-linux-gnu/libc.so.6
geteuid                                           /lib/i386-linux-gnu/libc.so.6
geteuid@@GLIBC_2.0                                /lib/i386-linux-gnu/libc.so.6
geteuid@GLIBC_2.0                                 /lib/i386-linux-gnu/libc.so.6
getgid                                            /lib/i386-linux-gnu/libc.so.6
getgid@@GLIBC_2.0                                 /lib/i386-linux-gnu/libc.so.6
getgid@GLIBC_2.0                                  /lib/i386-linux-gnu/libc.so.6
getgroups                                         /lib/i386-linux-gnu/libc.so.6
getgroups@@GLIBC_2.0                              /lib/i386-linux-gnu/libc.so.6
getgroups@GLIBC_2.0                               /lib/i386-linux-gnu/libc.so.6
gethostname                                       /lib/i386-linux-gnu/libc.so.6
gethostname@@GLIBC_2.0                            /lib/i386-linux-gnu/libc.so.6
gethostname@GLIBC_2.0                             /lib/i386-linux-gnu/libc.so.6
getitimer                                         /lib/i386-linux-gnu/libc.so.6
getitimer@@GLIBC_2.0                              /lib/i386-linux-gnu/libc.so.6
getitimer@GLIBC_2.0                               /lib/i386-linux-gnu/libc.so.6
getline                                           /lib/i386-linux-gnu/libc.so.6
getline@@GLIBC_2.0                                /lib/i386-linux-gnu/libc.so.6
getline@GLIBC_2.0                                 /lib/i386-linux-gnu/libc.so.6
getmntent_r                                       /lib/i386-linux-gnu/libc.so.6
getmntent_r@@GLIBC_2.0                            /lib/i386-linux-gnu/libc.so.6
getmntent_r@GLIBC_2.0                             /lib/i386-linux-gnu/libc.so.6
getnetgrent_r                                     /lib/i386-linux-gnu/libc.so.6
getnetgrent_r@@GLIBC_2.0                          /lib/i386-linux-gnu/libc.so.6
getnetgrent_r@GLIBC_2.0                           /lib/i386-linux-gnu/libc.so.6
getpagesize                                       /lib/i386-linux-gnu/libc.so.6
getpagesize@@GLIBC_2.0                            /lib/i386-linux-gnu/libc.so.6
getpagesize@GLIBC_2.0                             /lib/i386-linux-gnu/libc.so.6
getpeername                                       /lib/i386-linux-gnu/libc.so.6
getpeername@@GLIBC_2.0                            /lib/i386-linux-gnu/libc.so.6
getpeername@GLIBC_2.0                             /lib/i386-linux-gnu/libc.so.6
getpgid                                           /lib/i386-linux-gnu/libc.so.6
getpgid@@GLIBC_2.0                                /lib/i386-linux-gnu/libc.so.6
getpgid@GLIBC_2.0                                 /lib/i386-linux-gnu/libc.so.6
getppid                                           /lib/i386-linux-gnu/libc.so.6
getppid@@GLIBC_2.0                                /lib/i386-linux-gnu/libc.so.6
getppid@GLIBC_2.0                                 /lib/i386-linux-gnu/libc.so.6
getpt                                             /lib/i386-linux-gnu/libc.so.6
getpt@@GLIBC_2.1                                  /lib/i386-linux-gnu/libc.so.6
getpt@GLIBC_2.1                                   /lib/i386-linux-gnu/libc.so.6
getpw                                             /lib/i386-linux-gnu/libc.so.6
getpw@@GLIBC_2.0                                  /lib/i386-linux-gnu/libc.so.6
getpw@GLIBC_2.0                                   /lib/i386-linux-gnu/libc.so.6
getresgid                                         /lib/i386-linux-gnu/libc.so.6
getresgid@@GLIBC_2.0                              /lib/i386-linux-gnu/libc.so.6
getresgid@GLIBC_2.0                               /lib/i386-linux-gnu/libc.so.6
getresuid                                         /lib/i386-linux-gnu/libc.so.6
getresuid@@GLIBC_2.0                              /lib/i386-linux-gnu/libc.so.6
getresuid@GLIBC_2.0                               /lib/i386-linux-gnu/libc.so.6
getrusage                                         /lib/i386-linux-gnu/libc.so.6
getrusage@@GLIBC_2.0                              /lib/i386-linux-gnu/libc.so.6
getrusage@GLIBC_2.0                               /lib/i386-linux-gnu/libc.so.6
gets                                              /lib/i386-linux-gnu/libc.so.6
gets@@GLIBC_2.0                                   /lib/i386-linux-gnu/libc.so.6
gets@GLIBC_2.0                                    /lib/i386-linux-gnu/libc.so.6
getsockopt                                        /lib/i386-linux-gnu/libc.so.6
getsockopt@@GLIBC_2.0                             /lib/i386-linux-gnu/libc.so.6
getsockopt@GLIBC_2.0                              /lib/i386-linux-gnu/libc.so.6
gettext                                           /lib/i386-linux-gnu/libc.so.6
gettext@@GLIBC_2.0                                /lib/i386-linux-gnu/libc.so.6
gettext@GLIBC_2.0                                 /lib/i386-linux-gnu/libc.so.6
gettimeofday                                      /lib/i386-linux-gnu/libc.so.6
gettimeofday@@GLIBC_2.0                           /lib/i386-linux-gnu/libc.so.6
gettimeofday@GLIBC_2.0                            /lib/i386-linux-gnu/libc.so.6
getuid                                            /lib/i386-linux-gnu/libc.so.6
getuid@@GLIBC_2.0                                 /lib/i386-linux-gnu/libc.so.6
getuid@GLIBC_2.0                                  /lib/i386-linux-gnu/libc.so.6
getutent                                          /lib/i386-linux-gnu/libc.so.6
getutent@@GLIBC_2.0                               /lib/i386-linux-gnu/libc.so.6
getutent@GLIBC_2.0                                /lib/i386-linux-gnu/libc.so.6
getutent_r                                        /lib/i386-linux-gnu/libc.so.6
getutent_r@@GLIBC_2.0                             /lib/i386-linux-gnu/libc.so.6
getutent_r@GLIBC_2.0                              /lib/i386-linux-gnu/libc.so.6
getutid                                           /lib/i386-linux-gnu/libc.so.6
getutid@@GLIBC_2.0                                /lib/i386-linux-gnu/libc.so.6
getutid@GLIBC_2.0                                 /lib/i386-linux-gnu/libc.so.6
getutid_r                                         /lib/i386-linux-gnu/libc.so.6
getutid_r@@GLIBC_2.0                              /lib/i386-linux-gnu/libc.so.6
getutid_r@GLIBC_2.0                               /lib/i386-linux-gnu/libc.so.6
getutline                                         /lib/i386-linux-gnu/libc.so.6
getutline@@GLIBC_2.0                              /lib/i386-linux-gnu/libc.so.6
getutline@GLIBC_2.0                               /lib/i386-linux-gnu/libc.so.6
getutline_r                                       /lib/i386-linux-gnu/libc.so.6
getutline_r@@GLIBC_2.0                            /lib/i386-linux-gnu/libc.so.6
getutline_r@GLIBC_2.0                             /lib/i386-linux-gnu/libc.so.6
getwc                                             /lib/i386-linux-gnu/libc.so.6
getwc@@GLIBC_2.2                                  /lib/i386-linux-gnu/libc.so.6
getwc@GLIBC_2.2                                   /lib/i386-linux-gnu/libc.so.6
getwc_unlocked                                    /lib/i386-linux-gnu/libc.so.6
getwc_unlocked@@GLIBC_2.2                         /lib/i386-linux-gnu/libc.so.6
getwc_unlocked@GLIBC_2.2                          /lib/i386-linux-gnu/libc.so.6
glob_pattern_p                                    /lib/i386-linux-gnu/libc.so.6
glob_pattern_p@@GLIBC_2.0                         /lib/i386-linux-gnu/libc.so.6
glob_pattern_p@GLIBC_2.0                          /lib/i386-linux-gnu/libc.so.6
gmtime_r                                          /lib/i386-linux-gnu/libc.so.6
gmtime_r@@GLIBC_2.0                               /lib/i386-linux-gnu/libc.so.6
gmtime_r@GLIBC_2.0                                /lib/i386-linux-gnu/libc.so.6
gnu_get_libc_release                              /lib/i386-linux-gnu/libc.so.6
gnu_get_libc_release@@GLIBC_2.1                   /lib/i386-linux-gnu/libc.so.6
gnu_get_libc_release@GLIBC_2.1                    /lib/i386-linux-gnu/libc.so.6
gnu_get_libc_version                              /lib/i386-linux-gnu/libc.so.6
gnu_get_libc_version@@GLIBC_2.1                   /lib/i386-linux-gnu/libc.so.6
gnu_get_libc_version@GLIBC_2.1                    /lib/i386-linux-gnu/libc.so.6
group_member                                      /lib/i386-linux-gnu/libc.so.6
group_member@@GLIBC_2.0                           /lib/i386-linux-gnu/libc.so.6
group_member@GLIBC_2.0                            /lib/i386-linux-gnu/libc.so.6
gsignal                                           /lib/i386-linux-gnu/libc.so.6
gsignal@@GLIBC_2.0                                /lib/i386-linux-gnu/libc.so.6
gsignal@GLIBC_2.0                                 /lib/i386-linux-gnu/libc.so.6
hasmntopt                                         /lib/i386-linux-gnu/libc.so.6
hasmntopt@@GLIBC_2.0                              /lib/i386-linux-gnu/libc.so.6
hasmntopt@GLIBC_2.0                               /lib/i386-linux-gnu/libc.so.6
hdestroy                                          /lib/i386-linux-gnu/libc.so.6
hdestroy@@GLIBC_2.0                               /lib/i386-linux-gnu/libc.so.6
hdestroy@GLIBC_2.0                                /lib/i386-linux-gnu/libc.so.6
imaxabs                                           /lib/i386-linux-gnu/libc.so.6
imaxabs@@GLIBC_2.1.1                              /lib/i386-linux-gnu/libc.so.6
imaxabs@GLIBC_2.1.1                               /lib/i386-linux-gnu/libc.so.6
imaxdiv                                           /lib/i386-linux-gnu/libc.so.6
imaxdiv@@GLIBC_2.1.1                              /lib/i386-linux-gnu/libc.so.6
imaxdiv@GLIBC_2.1.1                               /lib/i386-linux-gnu/libc.so.6
index                                             /lib/i386-linux-gnu/libc.so.6
index@@GLIBC_2.0                                  /lib/i386-linux-gnu/libc.so.6
index@GLIBC_2.0                                   /lib/i386-linux-gnu/libc.so.6
inet_aton                                         /lib/i386-linux-gnu/libc.so.6
inet_aton@@GLIBC_2.0                              /lib/i386-linux-gnu/libc.so.6
inet_aton@GLIBC_2.0                               /lib/i386-linux-gnu/libc.so.6
initstate                                         /lib/i386-linux-gnu/libc.so.6
initstate@@GLIBC_2.0                              /lib/i386-linux-gnu/libc.so.6
initstate@GLIBC_2.0                               /lib/i386-linux-gnu/libc.so.6
initstate_r                                       /lib/i386-linux-gnu/libc.so.6
initstate_r@@GLIBC_2.0                            /lib/i386-linux-gnu/libc.so.6
initstate_r@GLIBC_2.0                             /lib/i386-linux-gnu/libc.so.6
ioctl                                             /lib/i386-linux-gnu/libc.so.6
ioctl@@GLIBC_2.0                                  /lib/i386-linux-gnu/libc.so.6
ioctl@GLIBC_2.0                                   /lib/i386-linux-gnu/libc.so.6
isalnum_l                                         /lib/i386-linux-gnu/libc.so.6
isalnum_l@@GLIBC_2.3                              /lib/i386-linux-gnu/libc.so.6
isalnum_l@GLIBC_2.3                               /lib/i386-linux-gnu/libc.so.6
isalpha_l                                         /lib/i386-linux-gnu/libc.so.6
isalpha_l@@GLIBC_2.3                              /lib/i386-linux-gnu/libc.so.6
isalpha_l@GLIBC_2.3                               /lib/i386-linux-gnu/libc.so.6
isatty                                            /lib/i386-linux-gnu/libc.so.6
isatty@@GLIBC_2.0                                 /lib/i386-linux-gnu/libc.so.6
isatty@GLIBC_2.0                                  /lib/i386-linux-gnu/libc.so.6
isblank_l                                         /lib/i386-linux-gnu/libc.so.6
isblank_l@@GLIBC_2.3                              /lib/i386-linux-gnu/libc.so.6
isblank_l@GLIBC_2.3                               /lib/i386-linux-gnu/libc.so.6
iscntrl_l                                         /lib/i386-linux-gnu/libc.so.6
iscntrl_l@@GLIBC_2.3                              /lib/i386-linux-gnu/libc.so.6
iscntrl_l@GLIBC_2.3                               /lib/i386-linux-gnu/libc.so.6
isctype                                           /lib/i386-linux-gnu/libc.so.6
isctype@@GLIBC_2.3                                /lib/i386-linux-gnu/libc.so.6
isctype@GLIBC_2.3                                 /lib/i386-linux-gnu/libc.so.6
isdigit_l                                         /lib/i386-linux-gnu/libc.so.6
isdigit_l@@GLIBC_2.3                              /lib/i386-linux-gnu/libc.so.6
isdigit_l@GLIBC_2.3                               /lib/i386-linux-gnu/libc.so.6
isgraph_l                                         /lib/i386-linux-gnu/libc.so.6
isgraph_l@@GLIBC_2.3                              /lib/i386-linux-gnu/libc.so.6
isgraph_l@GLIBC_2.3                               /lib/i386-linux-gnu/libc.so.6
isinf                                             /lib/i386-linux-gnu/libc.so.6
isinf@@GLIBC_2.0                                  /lib/i386-linux-gnu/libc.so.6
isinf@GLIBC_2.0                                   /lib/i386-linux-gnu/libc.so.6
isinff                                            /lib/i386-linux-gnu/libc.so.6
isinff@@GLIBC_2.0                                 /lib/i386-linux-gnu/libc.so.6
isinff@GLIBC_2.0                                  /lib/i386-linux-gnu/libc.so.6
isinfl                                            /lib/i386-linux-gnu/libc.so.6
isinfl@@GLIBC_2.0                                 /lib/i386-linux-gnu/libc.so.6
isinfl@GLIBC_2.0                                  /lib/i386-linux-gnu/libc.so.6
islower_l                                         /lib/i386-linux-gnu/libc.so.6
islower_l@@GLIBC_2.3                              /lib/i386-linux-gnu/libc.so.6
islower_l@GLIBC_2.3                               /lib/i386-linux-gnu/libc.so.6
isnan                                             /lib/i386-linux-gnu/libc.so.6
isnan@@GLIBC_2.0                                  /lib/i386-linux-gnu/libc.so.6
isnan@GLIBC_2.0                                   /lib/i386-linux-gnu/libc.so.6
isnanf                                            /lib/i386-linux-gnu/libc.so.6
isnanf@@GLIBC_2.0                                 /lib/i386-linux-gnu/libc.so.6
isnanf@GLIBC_2.0                                  /lib/i386-linux-gnu/libc.so.6
isnanl                                            /lib/i386-linux-gnu/libc.so.6
isnanl@@GLIBC_2.0                                 /lib/i386-linux-gnu/libc.so.6
isnanl@GLIBC_2.0                                  /lib/i386-linux-gnu/libc.so.6
isprint_l                                         /lib/i386-linux-gnu/libc.so.6
isprint_l@@GLIBC_2.3                              /lib/i386-linux-gnu/libc.so.6
isprint_l@GLIBC_2.3                               /lib/i386-linux-gnu/libc.so.6
ispunct_l                                         /lib/i386-linux-gnu/libc.so.6
ispunct_l@@GLIBC_2.3                              /lib/i386-linux-gnu/libc.so.6
ispunct_l@GLIBC_2.3                               /lib/i386-linux-gnu/libc.so.6
isspace_l                                         /lib/i386-linux-gnu/libc.so.6
isspace_l@@GLIBC_2.3                              /lib/i386-linux-gnu/libc.so.6
isspace_l@GLIBC_2.3                               /lib/i386-linux-gnu/libc.so.6
isupper_l                                         /lib/i386-linux-gnu/libc.so.6
isupper_l@@GLIBC_2.3                              /lib/i386-linux-gnu/libc.so.6
isupper_l@GLIBC_2.3                               /lib/i386-linux-gnu/libc.so.6
iswalnum                                          /lib/i386-linux-gnu/libc.so.6
iswalnum@@GLIBC_2.0                               /lib/i386-linux-gnu/libc.so.6
iswalnum@GLIBC_2.0                                /lib/i386-linux-gnu/libc.so.6
iswalnum_l                                        /lib/i386-linux-gnu/libc.so.6
iswalnum_l@@GLIBC_2.3                             /lib/i386-linux-gnu/libc.so.6
iswalnum_l@GLIBC_2.3                              /lib/i386-linux-gnu/libc.so.6
iswalpha                                          /lib/i386-linux-gnu/libc.so.6
iswalpha@@GLIBC_2.0                               /lib/i386-linux-gnu/libc.so.6
iswalpha@GLIBC_2.0                                /lib/i386-linux-gnu/libc.so.6
iswalpha_l                                        /lib/i386-linux-gnu/libc.so.6
iswalpha_l@@GLIBC_2.3                             /lib/i386-linux-gnu/libc.so.6
iswalpha_l@GLIBC_2.3                              /lib/i386-linux-gnu/libc.so.6
iswblank                                          /lib/i386-linux-gnu/libc.so.6
iswblank@@GLIBC_2.1                               /lib/i386-linux-gnu/libc.so.6
iswblank@GLIBC_2.1                                /lib/i386-linux-gnu/libc.so.6
iswblank_l                                        /lib/i386-linux-gnu/libc.so.6
iswblank_l@@GLIBC_2.3                             /lib/i386-linux-gnu/libc.so.6
iswblank_l@GLIBC_2.3                              /lib/i386-linux-gnu/libc.so.6
iswcntrl                                          /lib/i386-linux-gnu/libc.so.6
iswcntrl@@GLIBC_2.0                               /lib/i386-linux-gnu/libc.so.6
iswcntrl@GLIBC_2.0                                /lib/i386-linux-gnu/libc.so.6
iswcntrl_l                                        /lib/i386-linux-gnu/libc.so.6
iswcntrl_l@@GLIBC_2.3                             /lib/i386-linux-gnu/libc.so.6
iswcntrl_l@GLIBC_2.3                              /lib/i386-linux-gnu/libc.so.6
iswctype                                          /lib/i386-linux-gnu/libc.so.6
iswctype@@GLIBC_2.0                               /lib/i386-linux-gnu/libc.so.6
iswctype@GLIBC_2.0                                /lib/i386-linux-gnu/libc.so.6
iswctype_l                                        /lib/i386-linux-gnu/libc.so.6
iswctype_l@@GLIBC_2.3                             /lib/i386-linux-gnu/libc.so.6
iswctype_l@GLIBC_2.3                              /lib/i386-linux-gnu/libc.so.6
iswdigit                                          /lib/i386-linux-gnu/libc.so.6
iswdigit@@GLIBC_2.0                               /lib/i386-linux-gnu/libc.so.6
iswdigit@GLIBC_2.0                                /lib/i386-linux-gnu/libc.so.6
iswdigit_l                                        /lib/i386-linux-gnu/libc.so.6
iswdigit_l@@GLIBC_2.3                             /lib/i386-linux-gnu/libc.so.6
iswdigit_l@GLIBC_2.3                              /lib/i386-linux-gnu/libc.so.6
iswgraph                                          /lib/i386-linux-gnu/libc.so.6
iswgraph@@GLIBC_2.0                               /lib/i386-linux-gnu/libc.so.6
iswgraph@GLIBC_2.0                                /lib/i386-linux-gnu/libc.so.6
iswgraph_l                                        /lib/i386-linux-gnu/libc.so.6
iswgraph_l@@GLIBC_2.3                             /lib/i386-linux-gnu/libc.so.6
iswgraph_l@GLIBC_2.3                              /lib/i386-linux-gnu/libc.so.6
iswlower                                          /lib/i386-linux-gnu/libc.so.6
iswlower@@GLIBC_2.0                               /lib/i386-linux-gnu/libc.so.6
iswlower@GLIBC_2.0                                /lib/i386-linux-gnu/libc.so.6
iswlower_l                                        /lib/i386-linux-gnu/libc.so.6
iswlower_l@@GLIBC_2.3                             /lib/i386-linux-gnu/libc.so.6
iswlower_l@GLIBC_2.3                              /lib/i386-linux-gnu/libc.so.6
iswprint                                          /lib/i386-linux-gnu/libc.so.6
iswprint@@GLIBC_2.0                               /lib/i386-linux-gnu/libc.so.6
iswprint@GLIBC_2.0                                /lib/i386-linux-gnu/libc.so.6
iswprint_l                                        /lib/i386-linux-gnu/libc.so.6
iswprint_l@@GLIBC_2.3                             /lib/i386-linux-gnu/libc.so.6
iswprint_l@GLIBC_2.3                              /lib/i386-linux-gnu/libc.so.6
iswpunct                                          /lib/i386-linux-gnu/libc.so.6
iswpunct@@GLIBC_2.0                               /lib/i386-linux-gnu/libc.so.6
iswpunct@GLIBC_2.0                                /lib/i386-linux-gnu/libc.so.6
iswpunct_l                                        /lib/i386-linux-gnu/libc.so.6
iswpunct_l@@GLIBC_2.3                             /lib/i386-linux-gnu/libc.so.6
iswpunct_l@GLIBC_2.3                              /lib/i386-linux-gnu/libc.so.6
iswspace                                          /lib/i386-linux-gnu/libc.so.6
iswspace@@GLIBC_2.0                               /lib/i386-linux-gnu/libc.so.6
iswspace@GLIBC_2.0                                /lib/i386-linux-gnu/libc.so.6
iswspace_l                                        /lib/i386-linux-gnu/libc.so.6
iswspace_l@@GLIBC_2.3                             /lib/i386-linux-gnu/libc.so.6
iswspace_l@GLIBC_2.3                              /lib/i386-linux-gnu/libc.so.6
iswupper                                          /lib/i386-linux-gnu/libc.so.6
iswupper@@GLIBC_2.0                               /lib/i386-linux-gnu/libc.so.6
iswupper@GLIBC_2.0                                /lib/i386-linux-gnu/libc.so.6
iswupper_l                                        /lib/i386-linux-gnu/libc.so.6
iswupper_l@@GLIBC_2.3                             /lib/i386-linux-gnu/libc.so.6
iswupper_l@GLIBC_2.3                              /lib/i386-linux-gnu/libc.so.6
iswxdigit                                         /lib/i386-linux-gnu/libc.so.6
iswxdigit@@GLIBC_2.0                              /lib/i386-linux-gnu/libc.so.6
iswxdigit@GLIBC_2.0                               /lib/i386-linux-gnu/libc.so.6
iswxdigit_l                                       /lib/i386-linux-gnu/libc.so.6
iswxdigit_l@@GLIBC_2.3                            /lib/i386-linux-gnu/libc.so.6
iswxdigit_l@GLIBC_2.3                             /lib/i386-linux-gnu/libc.so.6
isxdigit_l                                        /lib/i386-linux-gnu/libc.so.6
isxdigit_l@@GLIBC_2.3                             /lib/i386-linux-gnu/libc.so.6
isxdigit_l@GLIBC_2.3                              /lib/i386-linux-gnu/libc.so.6
jrand48_r                                         /lib/i386-linux-gnu/libc.so.6
jrand48_r@@GLIBC_2.0                              /lib/i386-linux-gnu/libc.so.6
jrand48_r@GLIBC_2.0                               /lib/i386-linux-gnu/libc.so.6
kill                                              /lib/i386-linux-gnu/libc.so.6
kill@@GLIBC_2.0                                   /lib/i386-linux-gnu/libc.so.6
kill@GLIBC_2.0                                    /lib/i386-linux-gnu/libc.so.6
lchown                                            /lib/i386-linux-gnu/libc.so.6
lchown@@GLIBC_2.0                                 /lib/i386-linux-gnu/libc.so.6
lchown@GLIBC_2.0                                  /lib/i386-linux-gnu/libc.so.6
lckpwdf                                           /lib/i386-linux-gnu/libc.so.6
lckpwdf@@GLIBC_2.0                                /lib/i386-linux-gnu/libc.so.6
lckpwdf@GLIBC_2.0                                 /lib/i386-linux-gnu/libc.so.6
lcong48_r                                         /lib/i386-linux-gnu/libc.so.6
lcong48_r@@GLIBC_2.0                              /lib/i386-linux-gnu/libc.so.6
lcong48_r@GLIBC_2.0                               /lib/i386-linux-gnu/libc.so.6
ldexp                                             /lib/i386-linux-gnu/libc.so.6
ldexp@@GLIBC_2.0                                  /lib/i386-linux-gnu/libc.so.6
ldexp@GLIBC_2.0                                   /lib/i386-linux-gnu/libc.so.6
ldexpf                                            /lib/i386-linux-gnu/libc.so.6
ldexpf@@GLIBC_2.0                                 /lib/i386-linux-gnu/libc.so.6
ldexpf@GLIBC_2.0                                  /lib/i386-linux-gnu/libc.so.6
ldexpl                                            /lib/i386-linux-gnu/libc.so.6
ldexpl@@GLIBC_2.0                                 /lib/i386-linux-gnu/libc.so.6
ldexpl@GLIBC_2.0                                  /lib/i386-linux-gnu/libc.so.6
link                                              /lib/i386-linux-gnu/libc.so.6
link@@GLIBC_2.0                                   /lib/i386-linux-gnu/libc.so.6
link@GLIBC_2.0                                    /lib/i386-linux-gnu/libc.so.6
llseek                                            /lib/i386-linux-gnu/libc.so.6
llseek@@GLIBC_2.0                                 /lib/i386-linux-gnu/libc.so.6
llseek@GLIBC_2.0                                  /lib/i386-linux-gnu/libc.so.6
localtime_r                                       /lib/i386-linux-gnu/libc.so.6
localtime_r@@GLIBC_2.0                            /lib/i386-linux-gnu/libc.so.6
localtime_r@GLIBC_2.0                             /lib/i386-linux-gnu/libc.so.6
longjmp                                           /lib/i386-linux-gnu/libc.so.6
longjmp@@GLIBC_2.0                                /lib/i386-linux-gnu/libc.so.6
longjmp@GLIBC_2.0                                 /lib/i386-linux-gnu/libc.so.6
lseek                                             /lib/i386-linux-gnu/libc.so.6