C51 COMPILER V9.54   QSTAMP                                                                02/25/2018 00:43:23 PAGE 1   


C51 COMPILER V9.54, COMPILATION OF MODULE QSTAMP
OBJECT MODULE PLACED IN .\Objects\qstamp.obj
COMPILER INVOKED BY: C:\Keil_v5\C51\BIN\C51.EXE ..\qpn\include\qstamp.c OPTIMIZE(8,SPEED) BROWSE INCDIR(Y:\c51\qpn\inclu
                    -de;Y:\c51\C51_lib) DEBUG OBJECTEXTEND PRINT(.\Listings\qstamp.lst) TABS(2) OBJECT(.\Objects\qstamp.obj)

line level    source

   1          /**
   2          * @file
   3          * @brief Application build time-stamp
   4          * @note
   5          * This module needs to be re-compiled in every new software build. To achive
   6          * this, it is recommended to delete the object file (qstamp.o, or qstamp.obj)
   7          * in the build directory before each build. (Most development tools allow
   8          * you to specify a pre-build command, which is the ideal place to delete
   9          * the qstamp object file.)
  10          */
  11          
  12          extern char const Q_BUILD_DATE[12];
  13          extern char const Q_BUILD_TIME[9];
  14          
  15          /*! the calendar date of the last translation of the form: "Mmm dd yyyy" */
  16          char const Q_BUILD_DATE[12] = __DATE__;
  17          
  18          /*! the time of the last translation of the form: "hh:mm:ss" */
  19          char const Q_BUILD_TIME[9] = __TIME__;


MODULE INFORMATION:   STATIC OVERLAYABLE
   CODE SIZE        =   ----    ----
   CONSTANT SIZE    =   ----    ----
   XDATA SIZE       =   ----    ----
   PDATA SIZE       =   ----    ----
   DATA SIZE        =     21    ----
   IDATA SIZE       =   ----    ----
   BIT SIZE         =   ----    ----
END OF MODULE INFORMATION.


C51 COMPILATION COMPLETE.  0 WARNING(S),  0 ERROR(S)
